D:/ST Projects/STM32F746/Workspace/LwIP_HTTP_Server_Netconn_RTOS/Src/ethernetif.c:560:9:ETH_PHY_IO_DeInit	0	static
D:/ST Projects/STM32F746/Workspace/LwIP_HTTP_Server_Netconn_RTOS/Src/ethernetif.c:271:14:low_level_output	64	static
D:/ST Projects/STM32F746/Workspace/LwIP_HTTP_Server_Netconn_RTOS/Src/ethernetif.c:739:6:RMII_Thread	8	static
D:/ST Projects/STM32F746/Workspace/LwIP_HTTP_Server_Netconn_RTOS/Src/ethernetif.c:603:9:ETH_PHY_IO_GetTick	0	static
D:/ST Projects/STM32F746/Workspace/LwIP_HTTP_Server_Netconn_RTOS/Src/ethernetif.c:543:9:ETH_PHY_IO_Init	8	static
D:/ST Projects/STM32F746/Workspace/LwIP_HTTP_Server_Netconn_RTOS/Src/ethernetif.c:572:9:ETH_PHY_IO_ReadReg	8	static
D:/ST Projects/STM32F746/Workspace/LwIP_HTTP_Server_Netconn_RTOS/Src/ethernetif.c:589:9:ETH_PHY_IO_WriteReg	8	static
D:/ST Projects/STM32F746/Workspace/LwIP_HTTP_Server_Netconn_RTOS/Src/ethernetif.c:418:6:pbuf_free_custom	8	static
D:/ST Projects/STM32F746/Workspace/LwIP_HTTP_Server_Netconn_RTOS/Src/ethernetif.c:344:13:ethernetif_input	32	static
D:/ST Projects/STM32F746/Workspace/LwIP_HTTP_Server_Netconn_RTOS/Src/ethernetif.c:381:7:ethernetif_init	176	static
D:/ST Projects/STM32F746/Workspace/LwIP_HTTP_Server_Netconn_RTOS/Src/ethernetif.c:436:7:sys_now	0	static
D:/ST Projects/STM32F746/Workspace/LwIP_HTTP_Server_Netconn_RTOS/Src/ethernetif.c:449:6:HAL_ETH_MspInit	64	static
D:/ST Projects/STM32F746/Workspace/LwIP_HTTP_Server_Netconn_RTOS/Src/ethernetif.c:507:6:HAL_ETH_RxCpltCallback	0	static
D:/ST Projects/STM32F746/Workspace/LwIP_HTTP_Server_Netconn_RTOS/Src/ethernetif.c:517:6:HAL_ETH_TxCpltCallback	0	static
D:/ST Projects/STM32F746/Workspace/LwIP_HTTP_Server_Netconn_RTOS/Src/ethernetif.c:527:6:HAL_ETH_ErrorCallback	8	static
D:/ST Projects/STM32F746/Workspace/LwIP_HTTP_Server_Netconn_RTOS/Src/ethernetif.c:613:6:ethernet_link_thread	136	static
D:/ST Projects/STM32F746/Workspace/LwIP_HTTP_Server_Netconn_RTOS/Src/ethernetif.c:676:6:HAL_ETH_RxAllocateCallback	16	static
D:/ST Projects/STM32F746/Workspace/LwIP_HTTP_Server_Netconn_RTOS/Src/ethernetif.c:696:6:HAL_ETH_RxLinkCallback	12	static
D:/ST Projects/STM32F746/Workspace/LwIP_HTTP_Server_Netconn_RTOS/Src/ethernetif.c:729:6:HAL_ETH_TxFreeCallback	0	static
