D:/ST Projects/STM32F746/Workspace/LwIP_HTTP_Server_Netconn_RTOS/Drivers/BSP/STM32F7xx_Nucleo_144/stm32f7xx_nucleo_144.c:169:10:BSP_GetVersion	0	static
D:/ST Projects/STM32F746/Workspace/LwIP_HTTP_Server_Netconn_RTOS/Drivers/BSP/STM32F7xx_Nucleo_144/stm32f7xx_nucleo_144.c:183:6:BSP_LED_Init	56	static
D:/ST Projects/STM32F746/Workspace/LwIP_HTTP_Server_Netconn_RTOS/Drivers/BSP/STM32F7xx_Nucleo_144/stm32f7xx_nucleo_144.c:210:6:BSP_LED_DeInit	24	static
D:/ST Projects/STM32F746/Workspace/LwIP_HTTP_Server_Netconn_RTOS/Drivers/BSP/STM32F7xx_Nucleo_144/stm32f7xx_nucleo_144.c:228:6:BSP_LED_On	0	static
D:/ST Projects/STM32F746/Workspace/LwIP_HTTP_Server_Netconn_RTOS/Drivers/BSP/STM32F7xx_Nucleo_144/stm32f7xx_nucleo_144.c:242:6:BSP_LED_Off	0	static
D:/ST Projects/STM32F746/Workspace/LwIP_HTTP_Server_Netconn_RTOS/Drivers/BSP/STM32F7xx_Nucleo_144/stm32f7xx_nucleo_144.c:256:6:BSP_LED_Toggle	0	static
D:/ST Projects/STM32F746/Workspace/LwIP_HTTP_Server_Netconn_RTOS/Drivers/BSP/STM32F7xx_Nucleo_144/stm32f7xx_nucleo_144.c:272:6:BSP_PB_Init	32	static
D:/ST Projects/STM32F746/Workspace/LwIP_HTTP_Server_Netconn_RTOS/Drivers/BSP/STM32F7xx_Nucleo_144/stm32f7xx_nucleo_144.c:310:6:BSP_PB_DeInit	8	static
D:/ST Projects/STM32F746/Workspace/LwIP_HTTP_Server_Netconn_RTOS/Drivers/BSP/STM32F7xx_Nucleo_144/stm32f7xx_nucleo_144.c:325:10:BSP_PB_GetState	8	static
