D:/ST Projects/STM32F746/Workspace/LwIP_HTTP_Server_Netconn_RTOS/Middlewares/Third_Party/LwIP/src/core/inet_chksum.c:133:1:lwip_standard_chksum	16	static
D:/ST Projects/STM32F746/Workspace/LwIP_HTTP_Server_Netconn_RTOS/Middlewares/Third_Party/LwIP/src/core/inet_chksum.c:310:1:inet_chksum_pseudo	24	static
D:/ST Projects/STM32F746/Workspace/LwIP_HTTP_Server_Netconn_RTOS/Middlewares/Third_Party/LwIP/src/core/inet_chksum.c:379:1:ip_chksum_pseudo	0	static
D:/ST Projects/STM32F746/Workspace/LwIP_HTTP_Server_Netconn_RTOS/Middlewares/Third_Party/LwIP/src/core/inet_chksum.c:456:1:inet_chksum_pseudo_partial	48	static
D:/ST Projects/STM32F746/Workspace/LwIP_HTTP_Server_Netconn_RTOS/Middlewares/Third_Party/LwIP/src/core/inet_chksum.c:526:1:ip_chksum_pseudo_partial	0	static
D:/ST Projects/STM32F746/Workspace/LwIP_HTTP_Server_Netconn_RTOS/Middlewares/Third_Party/LwIP/src/core/inet_chksum.c:555:1:inet_chksum	8	static
D:/ST Projects/STM32F746/Workspace/LwIP_HTTP_Server_Netconn_RTOS/Middlewares/Third_Party/LwIP/src/core/inet_chksum.c:568:1:inet_chksum_pbuf	16	static
