D:/ST Projects/STM32F746/Workspace/LwIP_HTTP_Server_Netconn_RTOS/SW4STM32/syscalls.c:34:9:_sbrk	8	static
D:/ST Projects/STM32F746/Workspace/LwIP_HTTP_Server_Netconn_RTOS/SW4STM32/syscalls.c:70:5:_gettimeofday	0	static
D:/ST Projects/STM32F746/Workspace/LwIP_HTTP_Server_Netconn_RTOS/SW4STM32/syscalls.c:81:6:initialise_monitor_handles	0	static
D:/ST Projects/STM32F746/Workspace/LwIP_HTTP_Server_Netconn_RTOS/SW4STM32/syscalls.c:85:5:_getpid	0	static
D:/ST Projects/STM32F746/Workspace/LwIP_HTTP_Server_Netconn_RTOS/SW4STM32/syscalls.c:90:5:_kill	8	static
c:\st\stm32cubeide_1.8.0\stm32cubeide\plugins\com.st.stm32cube.ide.mcu.externaltools.gnu-tools-for-stm32.10.3-2021.10.win32_1.0.0.202111181127\tools\arm-none-eabi\include\sys\unistd.h:18:6:_exit	8	static
D:/ST Projects/STM32F746/Workspace/LwIP_HTTP_Server_Netconn_RTOS/SW4STM32/syscalls.c:102:5:_write	16	static
D:/ST Projects/STM32F746/Workspace/LwIP_HTTP_Server_Netconn_RTOS/SW4STM32/syscalls.c:113:5:_close	0	static
D:/ST Projects/STM32F746/Workspace/LwIP_HTTP_Server_Netconn_RTOS/SW4STM32/syscalls.c:118:5:_fstat	0	static
D:/ST Projects/STM32F746/Workspace/LwIP_HTTP_Server_Netconn_RTOS/SW4STM32/syscalls.c:124:5:_isatty	0	static
D:/ST Projects/STM32F746/Workspace/LwIP_HTTP_Server_Netconn_RTOS/SW4STM32/syscalls.c:129:5:_lseek	0	static
D:/ST Projects/STM32F746/Workspace/LwIP_HTTP_Server_Netconn_RTOS/SW4STM32/syscalls.c:134:5:_read	16	static
D:/ST Projects/STM32F746/Workspace/LwIP_HTTP_Server_Netconn_RTOS/SW4STM32/syscalls.c:146:5:_open	0	static
c:\st\stm32cubeide_1.8.0\stm32cubeide\plugins\com.st.stm32cube.ide.mcu.externaltools.gnu-tools-for-stm32.10.3-2021.10.win32_1.0.0.202111181127\tools\arm-none-eabi\include\sys\wait.h:38:7:_wait	8	static
D:/ST Projects/STM32F746/Workspace/LwIP_HTTP_Server_Netconn_RTOS/SW4STM32/syscalls.c:158:5:_unlink	8	static
D:/ST Projects/STM32F746/Workspace/LwIP_HTTP_Server_Netconn_RTOS/SW4STM32/syscalls.c:164:5:_times	0	static
D:/ST Projects/STM32F746/Workspace/LwIP_HTTP_Server_Netconn_RTOS/SW4STM32/syscalls.c:169:5:_stat	0	static
D:/ST Projects/STM32F746/Workspace/LwIP_HTTP_Server_Netconn_RTOS/SW4STM32/syscalls.c:175:5:_link	8	static
D:/ST Projects/STM32F746/Workspace/LwIP_HTTP_Server_Netconn_RTOS/SW4STM32/syscalls.c:181:5:_fork	8	static
D:/ST Projects/STM32F746/Workspace/LwIP_HTTP_Server_Netconn_RTOS/SW4STM32/syscalls.c:187:5:_execve	8	static
