D:/ST Projects/STM32F746/Workspace/LwIP_HTTP_Server_Netconn_RTOS/Middlewares/Third_Party/LwIP/src/core/ipv4/ip4_frag.c:317:1:ip_reass_dequeue_datagram	16	static
D:/ST Projects/STM32F746/Workspace/LwIP_HTTP_Server_Netconn_RTOS/Middlewares/Third_Party/LwIP/src/core/ipv4/ip4_frag.c:164:1:ip_reass_free_complete_datagram	40	static
D:/ST Projects/STM32F746/Workspace/LwIP_HTTP_Server_Netconn_RTOS/Middlewares/Third_Party/LwIP/src/core/ipv4/ip4_frag.c:227:1:ip_reass_remove_oldest_datagram	24	static
D:/ST Projects/STM32F746/Workspace/LwIP_HTTP_Server_Netconn_RTOS/Middlewares/Third_Party/LwIP/src/core/ipv4/ip4_frag.c:706:1:ip_frag_free_pbuf_custom_ref	8	static
D:/ST Projects/STM32F746/Workspace/LwIP_HTTP_Server_Netconn_RTOS/Middlewares/Third_Party/LwIP/src/core/ipv4/ip4_frag.c:715:1:ipfrag_free_pbuf_custom	8	static
D:/ST Projects/STM32F746/Workspace/LwIP_HTTP_Server_Netconn_RTOS/Middlewares/Third_Party/LwIP/src/core/ipv4/ip4_frag.c:128:1:ip_reass_tmr	16	static
D:/ST Projects/STM32F746/Workspace/LwIP_HTTP_Server_Netconn_RTOS/Middlewares/Third_Party/LwIP/src/core/ipv4/ip4_frag.c:503:1:ip4_reass	48	static
D:/ST Projects/STM32F746/Workspace/LwIP_HTTP_Server_Netconn_RTOS/Middlewares/Third_Party/LwIP/src/core/ipv4/ip4_frag.c:740:1:ip4_frag	88	static
