01:08:45 **** Build of configuration Debug for project 002_STM32F746_UDP_Raw_API ****
make -j8 all 
arm-none-eabi-gcc "../Core/Src/main.c" -mcpu=cortex-m7 -std=gnu11 -g3 -DDEBUG -DUSE_HAL_DRIVER -DSTM32F746xx -c -I../LWIP/App -I../LWIP/Target -I../Core/Inc -I../Middlewares/Third_Party/LwIP/src/include -I../Middlewares/Third_Party/LwIP/system -I../Drivers/STM32F7xx_HAL_Driver/Inc -I../Drivers/STM32F7xx_HAL_Driver/Inc/Legacy -I../Middlewares/Third_Party/LwIP/src/include/netif/ppp -I../Drivers/CMSIS/Device/ST/STM32F7xx/Include -I../Middlewares/Third_Party/LwIP/src/include/lwip -I../Middlewares/Third_Party/LwIP/src/include/lwip/apps -I../Middlewares/Third_Party/LwIP/src/include/lwip/priv -I../Middlewares/Third_Party/LwIP/src/include/lwip/prot -I../Middlewares/Third_Party/LwIP/src/include/netif -I../Middlewares/Third_Party/LwIP/src/include/compat/posix -I../Middlewares/Third_Party/LwIP/src/include/compat/posix/arpa -I../Middlewares/Third_Party/LwIP/src/include/compat/posix/net -I../Middlewares/Third_Party/LwIP/src/include/compat/posix/sys -I../Middlewares/Third_Party/LwIP/src/include/compat/stdc -I../Middlewares/Third_Party/LwIP/system/arch -I../Drivers/CMSIS/Include -O0 -ffunction-sections -fdata-sections -Wall -fstack-usage -MMD -MP -MF"Core/Src/main.d" -MT"Core/Src/main.o" --specs=nano.specs -mfpu=fpv5-sp-d16 -mfloat-abi=hard -mthumb -o "Core/Src/main.o"
In file included from ../Core/Src/main.c:20:
../Core/Inc/UDPServer.h:15:45: warning: 'struct udp_pcb' declared inside parameter list will not be visible outside of this definition or declaration
   15 | void udp_receive_callback(void *arg, struct udp_pcb *upcb, struct pbuf *p, const ip_addr_t *addr, u16_t port);
      |                                             ^~~~~~~
arm-none-eabi-gcc -o "002_STM32F746_UDP_Raw_API.elf" @"objects.list"   -mcpu=cortex-m7 -T"D:\ST Projects\STM32F746\Workspace\002_STM32F746_UDP_Raw_API\STM32F746ZGTX_FLASH.ld" --specs=nosys.specs -Wl,-Map="002_STM32F746_UDP_Raw_API.map" -Wl,--gc-sections -static --specs=nano.specs -mfpu=fpv5-sp-d16 -mfloat-abi=hard -mthumb -Wl,--start-group -lc -lm -Wl,--end-group
Finished building target: 002_STM32F746_UDP_Raw_API.elf
 
arm-none-eabi-size   002_STM32F746_UDP_Raw_API.elf 
arm-none-eabi-objdump -h -S  002_STM32F746_UDP_Raw_API.elf  > "002_STM32F746_UDP_Raw_API.list"
   text	   data	    bss	    dec	    hex	filename
  74208	    128	  77864	 152200	  25288	002_STM32F746_UDP_Raw_API.elf
Finished building: default.size.stdout
 
Finished building: 002_STM32F746_UDP_Raw_API.list
 

01:08:51 Build Finished. 0 errors, 1 warnings. (took 5s.666ms)

