01:35:34 **** Incremental Build of configuration Debug for project 005_TCPClient_Raw_API ****
make -j8 all 
arm-none-eabi-gcc "../Core/Src/tcpClientRAW.c" -mcpu=cortex-m7 -std=gnu11 -g3 -DDEBUG -DUSE_HAL_DRIVER -DSTM32F746xx -c -I../Core/Inc -I../Drivers/STM32F7xx_HAL_Driver/Inc -I../Drivers/STM32F7xx_HAL_Driver/Inc/Legacy -I../Drivers/CMSIS/Device/ST/STM32F7xx/Include -I../Drivers/CMSIS/Include -I../LWIP/App -I../LWIP/Target -I../Middlewares/Third_Party/LwIP/src/include -I../Middlewares/Third_Party/LwIP/system -I../Middlewares/Third_Party/LwIP/src/include/netif/ppp -I../Middlewares/Third_Party/LwIP/src/include/lwip -I../Middlewares/Third_Party/LwIP/src/include/lwip/apps -I../Middlewares/Third_Party/LwIP/src/include/lwip/priv -I../Middlewares/Third_Party/LwIP/src/include/lwip/prot -I../Middlewares/Third_Party/LwIP/src/include/netif -I../Middlewares/Third_Party/LwIP/src/include/compat/posix -I../Middlewares/Third_Party/LwIP/src/include/compat/posix/arpa -I../Middlewares/Third_Party/LwIP/src/include/compat/posix/net -I../Middlewares/Third_Party/LwIP/src/include/compat/posix/sys -I../Middlewares/Third_Party/LwIP/src/include/compat/stdc -I../Middlewares/Third_Party/LwIP/system/arch -O0 -ffunction-sections -fdata-sections -Wall -fstack-usage -MMD -MP -MF"Core/Src/tcpClientRAW.d" -MT"Core/Src/tcpClientRAW.o" --specs=nano.specs -mfpu=fpv5-sp-d16 -mfloat-abi=hard -mthumb -o "Core/Src/tcpClientRAW.o"
../Core/Src/tcpClientRAW.c: In function 'tcp_client_send':
../Core/Src/tcpClientRAW.c:415:13: warning: variable 'plen' set but not used [-Wunused-but-set-variable]
  415 |       u16_t plen;
      |             ^~~~
../Core/Src/tcpClientRAW.c: In function 'tcp_client_handle':
../Core/Src/tcpClientRAW.c:494:6: warning: unused variable 'j' [-Wunused-variable]
  494 |  int j = snprintf(buf, 100,
      |      ^
arm-none-eabi-gcc -o "005_TCPClient_Raw_API.elf" @"objects.list"   -mcpu=cortex-m7 -T"D:\ST Projects\STM32F746\Workspace\005_TCPClient_Raw_API\STM32F746ZGTX_FLASH.ld" --specs=nosys.specs -Wl,-Map="005_TCPClient_Raw_API.map" -Wl,--gc-sections -static --specs=nano.specs -mfpu=fpv5-sp-d16 -mfloat-abi=hard -mthumb -Wl,--start-group -lc -lm -Wl,--end-group
Finished building target: 005_TCPClient_Raw_API.elf
 
arm-none-eabi-size   005_TCPClient_Raw_API.elf 
arm-none-eabi-objdump -h -S  005_TCPClient_Raw_API.elf  > "005_TCPClient_Raw_API.list"
   text	   data	    bss	    dec	    hex	filename
  84268	    128	  37040	 121436	  1da5c	005_TCPClient_Raw_API.elf
Finished building: default.size.stdout
 
Finished building: 005_TCPClient_Raw_API.list
 
01:35:39 **** Incremental Build of configuration Debug for project 005_TCPClient_Raw_API ****
make -j8 all 
arm-none-eabi-size   005_TCPClient_Raw_API.elf 
   text	   data	    bss	    dec	    hex	filename
  84268	    128	  37040	 121436	  1da5c	005_TCPClient_Raw_API.elf
Finished building: default.size.stdout
 
