01:08:54 **** Build of configuration Debug for project LwIP_HTTP_Server_Netconn_RTOS ****
make all 
arm-none-eabi-gcc "D:/ST Projects/STM32F746/Workspace/LwIP_HTTP_Server_Netconn_RTOS/Middlewares/Third_Party/LwIP/src/apps/http/fs.c" -mcpu=cortex-m7 -std=gnu11 -g3 -DUSE_HAL_DRIVER -DSTM32F746xx -DUSE_STM32F7XX_NUCLEO_144ADAFRUIT_TFT_JOY_SD_ID802 -c -I../../../Inc -I../../../Src -I../../../Drivers/CMSIS/Device/ST/STM32F7xx/Include -I../../../Drivers/STM32F7xx_HAL_Driver/Inc -I../../../Drivers/BSP/STM32F7xx_Nucleo_144 -I../../../Drivers/BSP/Components/Common -I../../../Middlewares/Third_Party/LwIP/src/include -I../../../Middlewares/Third_Party/LwIP/system -I../../../Middlewares/Third_Party/FreeRTOS/Source/portable/GCC/ARM_CM7/r0p1 -I../../../Middlewares/Third_Party/FreeRTOS/Source -I../../../Middlewares/Third_Party/FreeRTOS/Source/CMSIS_RTOS -I../../../Middlewares/Third_Party/FreeRTOS/Source/include -I../../../Drivers/CMSIS/Include -Os -ffunction-sections -Wall -fstack-usage -MMD -MP -MF"Middlewares/LwIP/apps/http/fs.d" -MT"Middlewares/LwIP/apps/http/fs.o" --specs=nano.specs -mfpu=fpv5-sp-d16 -mfloat-abi=hard -mthumb -o "Middlewares/LwIP/apps/http/fs.o"
arm-none-eabi-gcc "D:/ST Projects/STM32F746/Workspace/LwIP_HTTP_Server_Netconn_RTOS/Middlewares/Third_Party/LwIP/src/apps/http/httpd.c" -mcpu=cortex-m7 -std=gnu11 -g3 -DUSE_HAL_DRIVER -DSTM32F746xx -DUSE_STM32F7XX_NUCLEO_144ADAFRUIT_TFT_JOY_SD_ID802 -c -I../../../Inc -I../../../Src -I../../../Drivers/CMSIS/Device/ST/STM32F7xx/Include -I../../../Drivers/STM32F7xx_HAL_Driver/Inc -I../../../Drivers/BSP/STM32F7xx_Nucleo_144 -I../../../Drivers/BSP/Components/Common -I../../../Middlewares/Third_Party/LwIP/src/include -I../../../Middlewares/Third_Party/LwIP/system -I../../../Middlewares/Third_Party/FreeRTOS/Source/portable/GCC/ARM_CM7/r0p1 -I../../../Middlewares/Third_Party/FreeRTOS/Source -I../../../Middlewares/Third_Party/FreeRTOS/Source/CMSIS_RTOS -I../../../Middlewares/Third_Party/FreeRTOS/Source/include -I../../../Drivers/CMSIS/Include -Os -ffunction-sections -Wall -fstack-usage -MMD -MP -MF"Middlewares/LwIP/apps/http/httpd.d" -MT"Middlewares/LwIP/apps/http/httpd.o" --specs=nano.specs -mfpu=fpv5-sp-d16 -mfloat-abi=hard -mthumb -o "Middlewares/LwIP/apps/http/httpd.o"
arm-none-eabi-gcc "D:/ST Projects/STM32F746/Workspace/LwIP_HTTP_Server_Netconn_RTOS/Middlewares/Third_Party/LwIP/src/netif/ethernet.c" -mcpu=cortex-m7 -std=gnu11 -g3 -DUSE_HAL_DRIVER -DSTM32F746xx -DUSE_STM32F7XX_NUCLEO_144ADAFRUIT_TFT_JOY_SD_ID802 -c -I../../../Inc -I../../../Src -I../../../Drivers/CMSIS/Device/ST/STM32F7xx/Include -I../../../Drivers/STM32F7xx_HAL_Driver/Inc -I../../../Drivers/BSP/STM32F7xx_Nucleo_144 -I../../../Drivers/BSP/Components/Common -I../../../Middlewares/Third_Party/LwIP/src/include -I../../../Middlewares/Third_Party/LwIP/system -I../../../Middlewares/Third_Party/FreeRTOS/Source/portable/GCC/ARM_CM7/r0p1 -I../../../Middlewares/Third_Party/FreeRTOS/Source -I../../../Middlewares/Third_Party/FreeRTOS/Source/CMSIS_RTOS -I../../../Middlewares/Third_Party/FreeRTOS/Source/include -I../../../Drivers/CMSIS/Include -Os -ffunction-sections -Wall -fstack-usage -MMD -MP -MF"Middlewares/LwIP/Netif/ethernet.d" -MT"Middlewares/LwIP/Netif/ethernet.o" --specs=nano.specs -mfpu=fpv5-sp-d16 -mfloat-abi=hard -mthumb -o "Middlewares/LwIP/Netif/ethernet.o"
arm-none-eabi-gcc "D:/ST Projects/STM32F746/Workspace/LwIP_HTTP_Server_Netconn_RTOS/Middlewares/Third_Party/LwIP/system/OS/sys_arch.c" -mcpu=cortex-m7 -std=gnu11 -g3 -DUSE_HAL_DRIVER -DSTM32F746xx -DUSE_STM32F7XX_NUCLEO_144ADAFRUIT_TFT_JOY_SD_ID802 -c -I../../../Inc -I../../../Src -I../../../Drivers/CMSIS/Device/ST/STM32F7xx/Include -I../../../Drivers/STM32F7xx_HAL_Driver/Inc -I../../../Drivers/BSP/STM32F7xx_Nucleo_144 -I../../../Drivers/BSP/Components/Common -I../../../Middlewares/Third_Party/LwIP/src/include -I../../../Middlewares/Third_Party/LwIP/system -I../../../Middlewares/Third_Party/FreeRTOS/Source/portable/GCC/ARM_CM7/r0p1 -I../../../Middlewares/Third_Party/FreeRTOS/Source -I../../../Middlewares/Third_Party/FreeRTOS/Source/CMSIS_RTOS -I../../../Middlewares/Third_Party/FreeRTOS/Source/include -I../../../Drivers/CMSIS/Include -Os -ffunction-sections -Wall -fstack-usage -MMD -MP -MF"Middlewares/LwIP/Netif/sys_arch.d" -MT"Middlewares/LwIP/Netif/sys_arch.o" --specs=nano.specs -mfpu=fpv5-sp-d16 -mfloat-abi=hard -mthumb -o "Middlewares/LwIP/Netif/sys_arch.o"
arm-none-eabi-gcc "D:/ST Projects/STM32F746/Workspace/LwIP_HTTP_Server_Netconn_RTOS/Middlewares/Third_Party/LwIP/src/core/ipv4/autoip.c" -mcpu=cortex-m7 -std=gnu11 -g3 -DUSE_HAL_DRIVER -DSTM32F746xx -DUSE_STM32F7XX_NUCLEO_144ADAFRUIT_TFT_JOY_SD_ID802 -c -I../../../Inc -I../../../Src -I../../../Drivers/CMSIS/Device/ST/STM32F7xx/Include -I../../../Drivers/STM32F7xx_HAL_Driver/Inc -I../../../Drivers/BSP/STM32F7xx_Nucleo_144 -I../../../Drivers/BSP/Components/Common -I../../../Middlewares/Third_Party/LwIP/src/include -I../../../Middlewares/Third_Party/LwIP/system -I../../../Middlewares/Third_Party/FreeRTOS/Source/portable/GCC/ARM_CM7/r0p1 -I../../../Middlewares/Third_Party/FreeRTOS/Source -I../../../Middlewares/Third_Party/FreeRTOS/Source/CMSIS_RTOS -I../../../Middlewares/Third_Party/FreeRTOS/Source/include -I../../../Drivers/CMSIS/Include -Os -ffunction-sections -Wall -fstack-usage -MMD -MP -MF"Middlewares/LwIP/Core/IPv4/autoip.d" -MT"Middlewares/LwIP/Core/IPv4/autoip.o" --specs=nano.specs -mfpu=fpv5-sp-d16 -mfloat-abi=hard -mthumb -o "Middlewares/LwIP/Core/IPv4/autoip.o"
arm-none-eabi-gcc "D:/ST Projects/STM32F746/Workspace/LwIP_HTTP_Server_Netconn_RTOS/Middlewares/Third_Party/LwIP/src/core/ipv4/dhcp.c" -mcpu=cortex-m7 -std=gnu11 -g3 -DUSE_HAL_DRIVER -DSTM32F746xx -DUSE_STM32F7XX_NUCLEO_144ADAFRUIT_TFT_JOY_SD_ID802 -c -I../../../Inc -I../../../Src -I../../../Drivers/CMSIS/Device/ST/STM32F7xx/Include -I../../../Drivers/STM32F7xx_HAL_Driver/Inc -I../../../Drivers/BSP/STM32F7xx_Nucleo_144 -I../../../Drivers/BSP/Components/Common -I../../../Middlewares/Third_Party/LwIP/src/include -I../../../Middlewares/Third_Party/LwIP/system -I../../../Middlewares/Third_Party/FreeRTOS/Source/portable/GCC/ARM_CM7/r0p1 -I../../../Middlewares/Third_Party/FreeRTOS/Source -I../../../Middlewares/Third_Party/FreeRTOS/Source/CMSIS_RTOS -I../../../Middlewares/Third_Party/FreeRTOS/Source/include -I../../../Drivers/CMSIS/Include -Os -ffunction-sections -Wall -fstack-usage -MMD -MP -MF"Middlewares/LwIP/Core/IPv4/dhcp.d" -MT"Middlewares/LwIP/Core/IPv4/dhcp.o" --specs=nano.specs -mfpu=fpv5-sp-d16 -mfloat-abi=hard -mthumb -o "Middlewares/LwIP/Core/IPv4/dhcp.o"
arm-none-eabi-gcc "D:/ST Projects/STM32F746/Workspace/LwIP_HTTP_Server_Netconn_RTOS/Middlewares/Third_Party/LwIP/src/core/ipv4/etharp.c" -mcpu=cortex-m7 -std=gnu11 -g3 -DUSE_HAL_DRIVER -DSTM32F746xx -DUSE_STM32F7XX_NUCLEO_144ADAFRUIT_TFT_JOY_SD_ID802 -c -I../../../Inc -I../../../Src -I../../../Drivers/CMSIS/Device/ST/STM32F7xx/Include -I../../../Drivers/STM32F7xx_HAL_Driver/Inc -I../../../Drivers/BSP/STM32F7xx_Nucleo_144 -I../../../Drivers/BSP/Components/Common -I../../../Middlewares/Third_Party/LwIP/src/include -I../../../Middlewares/Third_Party/LwIP/system -I../../../Middlewares/Third_Party/FreeRTOS/Source/portable/GCC/ARM_CM7/r0p1 -I../../../Middlewares/Third_Party/FreeRTOS/Source -I../../../Middlewares/Third_Party/FreeRTOS/Source/CMSIS_RTOS -I../../../Middlewares/Third_Party/FreeRTOS/Source/include -I../../../Drivers/CMSIS/Include -Os -ffunction-sections -Wall -fstack-usage -MMD -MP -MF"Middlewares/LwIP/Core/IPv4/etharp.d" -MT"Middlewares/LwIP/Core/IPv4/etharp.o" --specs=nano.specs -mfpu=fpv5-sp-d16 -mfloat-abi=hard -mthumb -o "Middlewares/LwIP/Core/IPv4/etharp.o"
arm-none-eabi-gcc "D:/ST Projects/STM32F746/Workspace/LwIP_HTTP_Server_Netconn_RTOS/Middlewares/Third_Party/LwIP/src/core/ipv4/icmp.c" -mcpu=cortex-m7 -std=gnu11 -g3 -DUSE_HAL_DRIVER -DSTM32F746xx -DUSE_STM32F7XX_NUCLEO_144ADAFRUIT_TFT_JOY_SD_ID802 -c -I../../../Inc -I../../../Src -I../../../Drivers/CMSIS/Device/ST/STM32F7xx/Include -I../../../Drivers/STM32F7xx_HAL_Driver/Inc -I../../../Drivers/BSP/STM32F7xx_Nucleo_144 -I../../../Drivers/BSP/Components/Common -I../../../Middlewares/Third_Party/LwIP/src/include -I../../../Middlewares/Third_Party/LwIP/system -I../../../Middlewares/Third_Party/FreeRTOS/Source/portable/GCC/ARM_CM7/r0p1 -I../../../Middlewares/Third_Party/FreeRTOS/Source -I../../../Middlewares/Third_Party/FreeRTOS/Source/CMSIS_RTOS -I../../../Middlewares/Third_Party/FreeRTOS/Source/include -I../../../Drivers/CMSIS/Include -Os -ffunction-sections -Wall -fstack-usage -MMD -MP -MF"Middlewares/LwIP/Core/IPv4/icmp.d" -MT"Middlewares/LwIP/Core/IPv4/icmp.o" --specs=nano.specs -mfpu=fpv5-sp-d16 -mfloat-abi=hard -mthumb -o "Middlewares/LwIP/Core/IPv4/icmp.o"
arm-none-eabi-gcc "D:/ST Projects/STM32F746/Workspace/LwIP_HTTP_Server_Netconn_RTOS/Middlewares/Third_Party/LwIP/src/core/ipv4/igmp.c" -mcpu=cortex-m7 -std=gnu11 -g3 -DUSE_HAL_DRIVER -DSTM32F746xx -DUSE_STM32F7XX_NUCLEO_144ADAFRUIT_TFT_JOY_SD_ID802 -c -I../../../Inc -I../../../Src -I../../../Drivers/CMSIS/Device/ST/STM32F7xx/Include -I../../../Drivers/STM32F7xx_HAL_Driver/Inc -I../../../Drivers/BSP/STM32F7xx_Nucleo_144 -I../../../Drivers/BSP/Components/Common -I../../../Middlewares/Third_Party/LwIP/src/include -I../../../Middlewares/Third_Party/LwIP/system -I../../../Middlewares/Third_Party/FreeRTOS/Source/portable/GCC/ARM_CM7/r0p1 -I../../../Middlewares/Third_Party/FreeRTOS/Source -I../../../Middlewares/Third_Party/FreeRTOS/Source/CMSIS_RTOS -I../../../Middlewares/Third_Party/FreeRTOS/Source/include -I../../../Drivers/CMSIS/Include -Os -ffunction-sections -Wall -fstack-usage -MMD -MP -MF"Middlewares/LwIP/Core/IPv4/igmp.d" -MT"Middlewares/LwIP/Core/IPv4/igmp.o" --specs=nano.specs -mfpu=fpv5-sp-d16 -mfloat-abi=hard -mthumb -o "Middlewares/LwIP/Core/IPv4/igmp.o"
arm-none-eabi-gcc "D:/ST Projects/STM32F746/Workspace/LwIP_HTTP_Server_Netconn_RTOS/Middlewares/Third_Party/LwIP/src/core/ipv4/ip4.c" -mcpu=cortex-m7 -std=gnu11 -g3 -DUSE_HAL_DRIVER -DSTM32F746xx -DUSE_STM32F7XX_NUCLEO_144ADAFRUIT_TFT_JOY_SD_ID802 -c -I../../../Inc -I../../../Src -I../../../Drivers/CMSIS/Device/ST/STM32F7xx/Include -I../../../Drivers/STM32F7xx_HAL_Driver/Inc -I../../../Drivers/BSP/STM32F7xx_Nucleo_144 -I../../../Drivers/BSP/Components/Common -I../../../Middlewares/Third_Party/LwIP/src/include -I../../../Middlewares/Third_Party/LwIP/system -I../../../Middlewares/Third_Party/FreeRTOS/Source/portable/GCC/ARM_CM7/r0p1 -I../../../Middlewares/Third_Party/FreeRTOS/Source -I../../../Middlewares/Third_Party/FreeRTOS/Source/CMSIS_RTOS -I../../../Middlewares/Third_Party/FreeRTOS/Source/include -I../../../Drivers/CMSIS/Include -Os -ffunction-sections -Wall -fstack-usage -MMD -MP -MF"Middlewares/LwIP/Core/IPv4/ip4.d" -MT"Middlewares/LwIP/Core/IPv4/ip4.o" --specs=nano.specs -mfpu=fpv5-sp-d16 -mfloat-abi=hard -mthumb -o "Middlewares/LwIP/Core/IPv4/ip4.o"
arm-none-eabi-gcc "D:/ST Projects/STM32F746/Workspace/LwIP_HTTP_Server_Netconn_RTOS/Middlewares/Third_Party/LwIP/src/core/ipv4/ip4_addr.c" -mcpu=cortex-m7 -std=gnu11 -g3 -DUSE_HAL_DRIVER -DSTM32F746xx -DUSE_STM32F7XX_NUCLEO_144ADAFRUIT_TFT_JOY_SD_ID802 -c -I../../../Inc -I../../../Src -I../../../Drivers/CMSIS/Device/ST/STM32F7xx/Include -I../../../Drivers/STM32F7xx_HAL_Driver/Inc -I../../../Drivers/BSP/STM32F7xx_Nucleo_144 -I../../../Drivers/BSP/Components/Common -I../../../Middlewares/Third_Party/LwIP/src/include -I../../../Middlewares/Third_Party/LwIP/system -I../../../Middlewares/Third_Party/FreeRTOS/Source/portable/GCC/ARM_CM7/r0p1 -I../../../Middlewares/Third_Party/FreeRTOS/Source -I../../../Middlewares/Third_Party/FreeRTOS/Source/CMSIS_RTOS -I../../../Middlewares/Third_Party/FreeRTOS/Source/include -I../../../Drivers/CMSIS/Include -Os -ffunction-sections -Wall -fstack-usage -MMD -MP -MF"Middlewares/LwIP/Core/IPv4/ip4_addr.d" -MT"Middlewares/LwIP/Core/IPv4/ip4_addr.o" --specs=nano.specs -mfpu=fpv5-sp-d16 -mfloat-abi=hard -mthumb -o "Middlewares/LwIP/Core/IPv4/ip4_addr.o"
arm-none-eabi-gcc "D:/ST Projects/STM32F746/Workspace/LwIP_HTTP_Server_Netconn_RTOS/Middlewares/Third_Party/LwIP/src/core/ipv4/ip4_frag.c" -mcpu=cortex-m7 -std=gnu11 -g3 -DUSE_HAL_DRIVER -DSTM32F746xx -DUSE_STM32F7XX_NUCLEO_144ADAFRUIT_TFT_JOY_SD_ID802 -c -I../../../Inc -I../../../Src -I../../../Drivers/CMSIS/Device/ST/STM32F7xx/Include -I../../../Drivers/STM32F7xx_HAL_Driver/Inc -I../../../Drivers/BSP/STM32F7xx_Nucleo_144 -I../../../Drivers/BSP/Components/Common -I../../../Middlewares/Third_Party/LwIP/src/include -I../../../Middlewares/Third_Party/LwIP/system -I../../../Middlewares/Third_Party/FreeRTOS/Source/portable/GCC/ARM_CM7/r0p1 -I../../../Middlewares/Third_Party/FreeRTOS/Source -I../../../Middlewares/Third_Party/FreeRTOS/Source/CMSIS_RTOS -I../../../Middlewares/Third_Party/FreeRTOS/Source/include -I../../../Drivers/CMSIS/Include -Os -ffunction-sections -Wall -fstack-usage -MMD -MP -MF"Middlewares/LwIP/Core/IPv4/ip4_frag.d" -MT"Middlewares/LwIP/Core/IPv4/ip4_frag.o" --specs=nano.specs -mfpu=fpv5-sp-d16 -mfloat-abi=hard -mthumb -o "Middlewares/LwIP/Core/IPv4/ip4_frag.o"
arm-none-eabi-gcc "D:/ST Projects/STM32F746/Workspace/LwIP_HTTP_Server_Netconn_RTOS/Middlewares/Third_Party/LwIP/src/core/def.c" -mcpu=cortex-m7 -std=gnu11 -g3 -DUSE_HAL_DRIVER -DSTM32F746xx -DUSE_STM32F7XX_NUCLEO_144ADAFRUIT_TFT_JOY_SD_ID802 -c -I../../../Inc -I../../../Src -I../../../Drivers/CMSIS/Device/ST/STM32F7xx/Include -I../../../Drivers/STM32F7xx_HAL_Driver/Inc -I../../../Drivers/BSP/STM32F7xx_Nucleo_144 -I../../../Drivers/BSP/Components/Common -I../../../Middlewares/Third_Party/LwIP/src/include -I../../../Middlewares/Third_Party/LwIP/system -I../../../Middlewares/Third_Party/FreeRTOS/Source/portable/GCC/ARM_CM7/r0p1 -I../../../Middlewares/Third_Party/FreeRTOS/Source -I../../../Middlewares/Third_Party/FreeRTOS/Source/CMSIS_RTOS -I../../../Middlewares/Third_Party/FreeRTOS/Source/include -I../../../Drivers/CMSIS/Include -Os -ffunction-sections -Wall -fstack-usage -MMD -MP -MF"Middlewares/LwIP/Core/def.d" -MT"Middlewares/LwIP/Core/def.o" --specs=nano.specs -mfpu=fpv5-sp-d16 -mfloat-abi=hard -mthumb -o "Middlewares/LwIP/Core/def.o"
arm-none-eabi-gcc "D:/ST Projects/STM32F746/Workspace/LwIP_HTTP_Server_Netconn_RTOS/Middlewares/Third_Party/LwIP/src/core/dns.c" -mcpu=cortex-m7 -std=gnu11 -g3 -DUSE_HAL_DRIVER -DSTM32F746xx -DUSE_STM32F7XX_NUCLEO_144ADAFRUIT_TFT_JOY_SD_ID802 -c -I../../../Inc -I../../../Src -I../../../Drivers/CMSIS/Device/ST/STM32F7xx/Include -I../../../Drivers/STM32F7xx_HAL_Driver/Inc -I../../../Drivers/BSP/STM32F7xx_Nucleo_144 -I../../../Drivers/BSP/Components/Common -I../../../Middlewares/Third_Party/LwIP/src/include -I../../../Middlewares/Third_Party/LwIP/system -I../../../Middlewares/Third_Party/FreeRTOS/Source/portable/GCC/ARM_CM7/r0p1 -I../../../Middlewares/Third_Party/FreeRTOS/Source -I../../../Middlewares/Third_Party/FreeRTOS/Source/CMSIS_RTOS -I../../../Middlewares/Third_Party/FreeRTOS/Source/include -I../../../Drivers/CMSIS/Include -Os -ffunction-sections -Wall -fstack-usage -MMD -MP -MF"Middlewares/LwIP/Core/dns.d" -MT"Middlewares/LwIP/Core/dns.o" --specs=nano.specs -mfpu=fpv5-sp-d16 -mfloat-abi=hard -mthumb -o "Middlewares/LwIP/Core/dns.o"
arm-none-eabi-gcc "D:/ST Projects/STM32F746/Workspace/LwIP_HTTP_Server_Netconn_RTOS/Middlewares/Third_Party/LwIP/src/core/inet_chksum.c" -mcpu=cortex-m7 -std=gnu11 -g3 -DUSE_HAL_DRIVER -DSTM32F746xx -DUSE_STM32F7XX_NUCLEO_144ADAFRUIT_TFT_JOY_SD_ID802 -c -I../../../Inc -I../../../Src -I../../../Drivers/CMSIS/Device/ST/STM32F7xx/Include -I../../../Drivers/STM32F7xx_HAL_Driver/Inc -I../../../Drivers/BSP/STM32F7xx_Nucleo_144 -I../../../Drivers/BSP/Components/Common -I../../../Middlewares/Third_Party/LwIP/src/include -I../../../Middlewares/Third_Party/LwIP/system -I../../../Middlewares/Third_Party/FreeRTOS/Source/portable/GCC/ARM_CM7/r0p1 -I../../../Middlewares/Third_Party/FreeRTOS/Source -I../../../Middlewares/Third_Party/FreeRTOS/Source/CMSIS_RTOS -I../../../Middlewares/Third_Party/FreeRTOS/Source/include -I../../../Drivers/CMSIS/Include -Os -ffunction-sections -Wall -fstack-usage -MMD -MP -MF"Middlewares/LwIP/Core/inet_chksum.d" -MT"Middlewares/LwIP/Core/inet_chksum.o" --specs=nano.specs -mfpu=fpv5-sp-d16 -mfloat-abi=hard -mthumb -o "Middlewares/LwIP/Core/inet_chksum.o"
arm-none-eabi-gcc "D:/ST Projects/STM32F746/Workspace/LwIP_HTTP_Server_Netconn_RTOS/Middlewares/Third_Party/LwIP/src/core/init.c" -mcpu=cortex-m7 -std=gnu11 -g3 -DUSE_HAL_DRIVER -DSTM32F746xx -DUSE_STM32F7XX_NUCLEO_144ADAFRUIT_TFT_JOY_SD_ID802 -c -I../../../Inc -I../../../Src -I../../../Drivers/CMSIS/Device/ST/STM32F7xx/Include -I../../../Drivers/STM32F7xx_HAL_Driver/Inc -I../../../Drivers/BSP/STM32F7xx_Nucleo_144 -I../../../Drivers/BSP/Components/Common -I../../../Middlewares/Third_Party/LwIP/src/include -I../../../Middlewares/Third_Party/LwIP/system -I../../../Middlewares/Third_Party/FreeRTOS/Source/portable/GCC/ARM_CM7/r0p1 -I../../../Middlewares/Third_Party/FreeRTOS/Source -I../../../Middlewares/Third_Party/FreeRTOS/Source/CMSIS_RTOS -I../../../Middlewares/Third_Party/FreeRTOS/Source/include -I../../../Drivers/CMSIS/Include -Os -ffunction-sections -Wall -fstack-usage -MMD -MP -MF"Middlewares/LwIP/Core/init.d" -MT"Middlewares/LwIP/Core/init.o" --specs=nano.specs -mfpu=fpv5-sp-d16 -mfloat-abi=hard -mthumb -o "Middlewares/LwIP/Core/init.o"
arm-none-eabi-gcc "D:/ST Projects/STM32F746/Workspace/LwIP_HTTP_Server_Netconn_RTOS/Middlewares/Third_Party/LwIP/src/core/ip.c" -mcpu=cortex-m7 -std=gnu11 -g3 -DUSE_HAL_DRIVER -DSTM32F746xx -DUSE_STM32F7XX_NUCLEO_144ADAFRUIT_TFT_JOY_SD_ID802 -c -I../../../Inc -I../../../Src -I../../../Drivers/CMSIS/Device/ST/STM32F7xx/Include -I../../../Drivers/STM32F7xx_HAL_Driver/Inc -I../../../Drivers/BSP/STM32F7xx_Nucleo_144 -I../../../Drivers/BSP/Components/Common -I../../../Middlewares/Third_Party/LwIP/src/include -I../../../Middlewares/Third_Party/LwIP/system -I../../../Middlewares/Third_Party/FreeRTOS/Source/portable/GCC/ARM_CM7/r0p1 -I../../../Middlewares/Third_Party/FreeRTOS/Source -I../../../Middlewares/Third_Party/FreeRTOS/Source/CMSIS_RTOS -I../../../Middlewares/Third_Party/FreeRTOS/Source/include -I../../../Drivers/CMSIS/Include -Os -ffunction-sections -Wall -fstack-usage -MMD -MP -MF"Middlewares/LwIP/Core/ip.d" -MT"Middlewares/LwIP/Core/ip.o" --specs=nano.specs -mfpu=fpv5-sp-d16 -mfloat-abi=hard -mthumb -o "Middlewares/LwIP/Core/ip.o"
arm-none-eabi-gcc "D:/ST Projects/STM32F746/Workspace/LwIP_HTTP_Server_Netconn_RTOS/Middlewares/Third_Party/LwIP/src/core/mem.c" -mcpu=cortex-m7 -std=gnu11 -g3 -DUSE_HAL_DRIVER -DSTM32F746xx -DUSE_STM32F7XX_NUCLEO_144ADAFRUIT_TFT_JOY_SD_ID802 -c -I../../../Inc -I../../../Src -I../../../Drivers/CMSIS/Device/ST/STM32F7xx/Include -I../../../Drivers/STM32F7xx_HAL_Driver/Inc -I../../../Drivers/BSP/STM32F7xx_Nucleo_144 -I../../../Drivers/BSP/Components/Common -I../../../Middlewares/Third_Party/LwIP/src/include -I../../../Middlewares/Third_Party/LwIP/system -I../../../Middlewares/Third_Party/FreeRTOS/Source/portable/GCC/ARM_CM7/r0p1 -I../../../Middlewares/Third_Party/FreeRTOS/Source -I../../../Middlewares/Third_Party/FreeRTOS/Source/CMSIS_RTOS -I../../../Middlewares/Third_Party/FreeRTOS/Source/include -I../../../Drivers/CMSIS/Include -Os -ffunction-sections -Wall -fstack-usage -MMD -MP -MF"Middlewares/LwIP/Core/mem.d" -MT"Middlewares/LwIP/Core/mem.o" --specs=nano.specs -mfpu=fpv5-sp-d16 -mfloat-abi=hard -mthumb -o "Middlewares/LwIP/Core/mem.o"
arm-none-eabi-gcc "D:/ST Projects/STM32F746/Workspace/LwIP_HTTP_Server_Netconn_RTOS/Middlewares/Third_Party/LwIP/src/core/memp.c" -mcpu=cortex-m7 -std=gnu11 -g3 -DUSE_HAL_DRIVER -DSTM32F746xx -DUSE_STM32F7XX_NUCLEO_144ADAFRUIT_TFT_JOY_SD_ID802 -c -I../../../Inc -I../../../Src -I../../../Drivers/CMSIS/Device/ST/STM32F7xx/Include -I../../../Drivers/STM32F7xx_HAL_Driver/Inc -I../../../Drivers/BSP/STM32F7xx_Nucleo_144 -I../../../Drivers/BSP/Components/Common -I../../../Middlewares/Third_Party/LwIP/src/include -I../../../Middlewares/Third_Party/LwIP/system -I../../../Middlewares/Third_Party/FreeRTOS/Source/portable/GCC/ARM_CM7/r0p1 -I../../../Middlewares/Third_Party/FreeRTOS/Source -I../../../Middlewares/Third_Party/FreeRTOS/Source/CMSIS_RTOS -I../../../Middlewares/Third_Party/FreeRTOS/Source/include -I../../../Drivers/CMSIS/Include -Os -ffunction-sections -Wall -fstack-usage -MMD -MP -MF"Middlewares/LwIP/Core/memp.d" -MT"Middlewares/LwIP/Core/memp.o" --specs=nano.specs -mfpu=fpv5-sp-d16 -mfloat-abi=hard -mthumb -o "Middlewares/LwIP/Core/memp.o"
arm-none-eabi-gcc "D:/ST Projects/STM32F746/Workspace/LwIP_HTTP_Server_Netconn_RTOS/Middlewares/Third_Party/LwIP/src/core/netif.c" -mcpu=cortex-m7 -std=gnu11 -g3 -DUSE_HAL_DRIVER -DSTM32F746xx -DUSE_STM32F7XX_NUCLEO_144ADAFRUIT_TFT_JOY_SD_ID802 -c -I../../../Inc -I../../../Src -I../../../Drivers/CMSIS/Device/ST/STM32F7xx/Include -I../../../Drivers/STM32F7xx_HAL_Driver/Inc -I../../../Drivers/BSP/STM32F7xx_Nucleo_144 -I../../../Drivers/BSP/Components/Common -I../../../Middlewares/Third_Party/LwIP/src/include -I../../../Middlewares/Third_Party/LwIP/system -I../../../Middlewares/Third_Party/FreeRTOS/Source/portable/GCC/ARM_CM7/r0p1 -I../../../Middlewares/Third_Party/FreeRTOS/Source -I../../../Middlewares/Third_Party/FreeRTOS/Source/CMSIS_RTOS -I../../../Middlewares/Third_Party/FreeRTOS/Source/include -I../../../Drivers/CMSIS/Include -Os -ffunction-sections -Wall -fstack-usage -MMD -MP -MF"Middlewares/LwIP/Core/netif.d" -MT"Middlewares/LwIP/Core/netif.o" --specs=nano.specs -mfpu=fpv5-sp-d16 -mfloat-abi=hard -mthumb -o "Middlewares/LwIP/Core/netif.o"
arm-none-eabi-gcc "D:/ST Projects/STM32F746/Workspace/LwIP_HTTP_Server_Netconn_RTOS/Middlewares/Third_Party/LwIP/src/core/pbuf.c" -mcpu=cortex-m7 -std=gnu11 -g3 -DUSE_HAL_DRIVER -DSTM32F746xx -DUSE_STM32F7XX_NUCLEO_144ADAFRUIT_TFT_JOY_SD_ID802 -c -I../../../Inc -I../../../Src -I../../../Drivers/CMSIS/Device/ST/STM32F7xx/Include -I../../../Drivers/STM32F7xx_HAL_Driver/Inc -I../../../Drivers/BSP/STM32F7xx_Nucleo_144 -I../../../Drivers/BSP/Components/Common -I../../../Middlewares/Third_Party/LwIP/src/include -I../../../Middlewares/Third_Party/LwIP/system -I../../../Middlewares/Third_Party/FreeRTOS/Source/portable/GCC/ARM_CM7/r0p1 -I../../../Middlewares/Third_Party/FreeRTOS/Source -I../../../Middlewares/Third_Party/FreeRTOS/Source/CMSIS_RTOS -I../../../Middlewares/Third_Party/FreeRTOS/Source/include -I../../../Drivers/CMSIS/Include -Os -ffunction-sections -Wall -fstack-usage -MMD -MP -MF"Middlewares/LwIP/Core/pbuf.d" -MT"Middlewares/LwIP/Core/pbuf.o" --specs=nano.specs -mfpu=fpv5-sp-d16 -mfloat-abi=hard -mthumb -o "Middlewares/LwIP/Core/pbuf.o"
arm-none-eabi-gcc "D:/ST Projects/STM32F746/Workspace/LwIP_HTTP_Server_Netconn_RTOS/Middlewares/Third_Party/LwIP/src/core/raw.c" -mcpu=cortex-m7 -std=gnu11 -g3 -DUSE_HAL_DRIVER -DSTM32F746xx -DUSE_STM32F7XX_NUCLEO_144ADAFRUIT_TFT_JOY_SD_ID802 -c -I../../../Inc -I../../../Src -I../../../Drivers/CMSIS/Device/ST/STM32F7xx/Include -I../../../Drivers/STM32F7xx_HAL_Driver/Inc -I../../../Drivers/BSP/STM32F7xx_Nucleo_144 -I../../../Drivers/BSP/Components/Common -I../../../Middlewares/Third_Party/LwIP/src/include -I../../../Middlewares/Third_Party/LwIP/system -I../../../Middlewares/Third_Party/FreeRTOS/Source/portable/GCC/ARM_CM7/r0p1 -I../../../Middlewares/Third_Party/FreeRTOS/Source -I../../../Middlewares/Third_Party/FreeRTOS/Source/CMSIS_RTOS -I../../../Middlewares/Third_Party/FreeRTOS/Source/include -I../../../Drivers/CMSIS/Include -Os -ffunction-sections -Wall -fstack-usage -MMD -MP -MF"Middlewares/LwIP/Core/raw.d" -MT"Middlewares/LwIP/Core/raw.o" --specs=nano.specs -mfpu=fpv5-sp-d16 -mfloat-abi=hard -mthumb -o "Middlewares/LwIP/Core/raw.o"
arm-none-eabi-gcc "D:/ST Projects/STM32F746/Workspace/LwIP_HTTP_Server_Netconn_RTOS/Middlewares/Third_Party/LwIP/src/core/stats.c" -mcpu=cortex-m7 -std=gnu11 -g3 -DUSE_HAL_DRIVER -DSTM32F746xx -DUSE_STM32F7XX_NUCLEO_144ADAFRUIT_TFT_JOY_SD_ID802 -c -I../../../Inc -I../../../Src -I../../../Drivers/CMSIS/Device/ST/STM32F7xx/Include -I../../../Drivers/STM32F7xx_HAL_Driver/Inc -I../../../Drivers/BSP/STM32F7xx_Nucleo_144 -I../../../Drivers/BSP/Components/Common -I../../../Middlewares/Third_Party/LwIP/src/include -I../../../Middlewares/Third_Party/LwIP/system -I../../../Middlewares/Third_Party/FreeRTOS/Source/portable/GCC/ARM_CM7/r0p1 -I../../../Middlewares/Third_Party/FreeRTOS/Source -I../../../Middlewares/Third_Party/FreeRTOS/Source/CMSIS_RTOS -I../../../Middlewares/Third_Party/FreeRTOS/Source/include -I../../../Drivers/CMSIS/Include -Os -ffunction-sections -Wall -fstack-usage -MMD -MP -MF"Middlewares/LwIP/Core/stats.d" -MT"Middlewares/LwIP/Core/stats.o" --specs=nano.specs -mfpu=fpv5-sp-d16 -mfloat-abi=hard -mthumb -o "Middlewares/LwIP/Core/stats.o"
arm-none-eabi-gcc "D:/ST Projects/STM32F746/Workspace/LwIP_HTTP_Server_Netconn_RTOS/Middlewares/Third_Party/LwIP/src/core/sys.c" -mcpu=cortex-m7 -std=gnu11 -g3 -DUSE_HAL_DRIVER -DSTM32F746xx -DUSE_STM32F7XX_NUCLEO_144ADAFRUIT_TFT_JOY_SD_ID802 -c -I../../../Inc -I../../../Src -I../../../Drivers/CMSIS/Device/ST/STM32F7xx/Include -I../../../Drivers/STM32F7xx_HAL_Driver/Inc -I../../../Drivers/BSP/STM32F7xx_Nucleo_144 -I../../../Drivers/BSP/Components/Common -I../../../Middlewares/Third_Party/LwIP/src/include -I../../../Middlewares/Third_Party/LwIP/system -I../../../Middlewares/Third_Party/FreeRTOS/Source/portable/GCC/ARM_CM7/r0p1 -I../../../Middlewares/Third_Party/FreeRTOS/Source -I../../../Middlewares/Third_Party/FreeRTOS/Source/CMSIS_RTOS -I../../../Middlewares/Third_Party/FreeRTOS/Source/include -I../../../Drivers/CMSIS/Include -Os -ffunction-sections -Wall -fstack-usage -MMD -MP -MF"Middlewares/LwIP/Core/sys.d" -MT"Middlewares/LwIP/Core/sys.o" --specs=nano.specs -mfpu=fpv5-sp-d16 -mfloat-abi=hard -mthumb -o "Middlewares/LwIP/Core/sys.o"
arm-none-eabi-gcc "D:/ST Projects/STM32F746/Workspace/LwIP_HTTP_Server_Netconn_RTOS/Middlewares/Third_Party/LwIP/src/core/tcp.c" -mcpu=cortex-m7 -std=gnu11 -g3 -DUSE_HAL_DRIVER -DSTM32F746xx -DUSE_STM32F7XX_NUCLEO_144ADAFRUIT_TFT_JOY_SD_ID802 -c -I../../../Inc -I../../../Src -I../../../Drivers/CMSIS/Device/ST/STM32F7xx/Include -I../../../Drivers/STM32F7xx_HAL_Driver/Inc -I../../../Drivers/BSP/STM32F7xx_Nucleo_144 -I../../../Drivers/BSP/Components/Common -I../../../Middlewares/Third_Party/LwIP/src/include -I../../../Middlewares/Third_Party/LwIP/system -I../../../Middlewares/Third_Party/FreeRTOS/Source/portable/GCC/ARM_CM7/r0p1 -I../../../Middlewares/Third_Party/FreeRTOS/Source -I../../../Middlewares/Third_Party/FreeRTOS/Source/CMSIS_RTOS -I../../../Middlewares/Third_Party/FreeRTOS/Source/include -I../../../Drivers/CMSIS/Include -Os -ffunction-sections -Wall -fstack-usage -MMD -MP -MF"Middlewares/LwIP/Core/tcp.d" -MT"Middlewares/LwIP/Core/tcp.o" --specs=nano.specs -mfpu=fpv5-sp-d16 -mfloat-abi=hard -mthumb -o "Middlewares/LwIP/Core/tcp.o"
arm-none-eabi-gcc "D:/ST Projects/STM32F746/Workspace/LwIP_HTTP_Server_Netconn_RTOS/Middlewares/Third_Party/LwIP/src/core/tcp_in.c" -mcpu=cortex-m7 -std=gnu11 -g3 -DUSE_HAL_DRIVER -DSTM32F746xx -DUSE_STM32F7XX_NUCLEO_144ADAFRUIT_TFT_JOY_SD_ID802 -c -I../../../Inc -I../../../Src -I../../../Drivers/CMSIS/Device/ST/STM32F7xx/Include -I../../../Drivers/STM32F7xx_HAL_Driver/Inc -I../../../Drivers/BSP/STM32F7xx_Nucleo_144 -I../../../Drivers/BSP/Components/Common -I../../../Middlewares/Third_Party/LwIP/src/include -I../../../Middlewares/Third_Party/LwIP/system -I../../../Middlewares/Third_Party/FreeRTOS/Source/portable/GCC/ARM_CM7/r0p1 -I../../../Middlewares/Third_Party/FreeRTOS/Source -I../../../Middlewares/Third_Party/FreeRTOS/Source/CMSIS_RTOS -I../../../Middlewares/Third_Party/FreeRTOS/Source/include -I../../../Drivers/CMSIS/Include -Os -ffunction-sections -Wall -fstack-usage -MMD -MP -MF"Middlewares/LwIP/Core/tcp_in.d" -MT"Middlewares/LwIP/Core/tcp_in.o" --specs=nano.specs -mfpu=fpv5-sp-d16 -mfloat-abi=hard -mthumb -o "Middlewares/LwIP/Core/tcp_in.o"
arm-none-eabi-gcc "D:/ST Projects/STM32F746/Workspace/LwIP_HTTP_Server_Netconn_RTOS/Middlewares/Third_Party/LwIP/src/core/tcp_out.c" -mcpu=cortex-m7 -std=gnu11 -g3 -DUSE_HAL_DRIVER -DSTM32F746xx -DUSE_STM32F7XX_NUCLEO_144ADAFRUIT_TFT_JOY_SD_ID802 -c -I../../../Inc -I../../../Src -I../../../Drivers/CMSIS/Device/ST/STM32F7xx/Include -I../../../Drivers/STM32F7xx_HAL_Driver/Inc -I../../../Drivers/BSP/STM32F7xx_Nucleo_144 -I../../../Drivers/BSP/Components/Common -I../../../Middlewares/Third_Party/LwIP/src/include -I../../../Middlewares/Third_Party/LwIP/system -I../../../Middlewares/Third_Party/FreeRTOS/Source/portable/GCC/ARM_CM7/r0p1 -I../../../Middlewares/Third_Party/FreeRTOS/Source -I../../../Middlewares/Third_Party/FreeRTOS/Source/CMSIS_RTOS -I../../../Middlewares/Third_Party/FreeRTOS/Source/include -I../../../Drivers/CMSIS/Include -Os -ffunction-sections -Wall -fstack-usage -MMD -MP -MF"Middlewares/LwIP/Core/tcp_out.d" -MT"Middlewares/LwIP/Core/tcp_out.o" --specs=nano.specs -mfpu=fpv5-sp-d16 -mfloat-abi=hard -mthumb -o "Middlewares/LwIP/Core/tcp_out.o"
arm-none-eabi-gcc "D:/ST Projects/STM32F746/Workspace/LwIP_HTTP_Server_Netconn_RTOS/Middlewares/Third_Party/LwIP/src/core/timeouts.c" -mcpu=cortex-m7 -std=gnu11 -g3 -DUSE_HAL_DRIVER -DSTM32F746xx -DUSE_STM32F7XX_NUCLEO_144ADAFRUIT_TFT_JOY_SD_ID802 -c -I../../../Inc -I../../../Src -I../../../Drivers/CMSIS/Device/ST/STM32F7xx/Include -I../../../Drivers/STM32F7xx_HAL_Driver/Inc -I../../../Drivers/BSP/STM32F7xx_Nucleo_144 -I../../../Drivers/BSP/Components/Common -I../../../Middlewares/Third_Party/LwIP/src/include -I../../../Middlewares/Third_Party/LwIP/system -I../../../Middlewares/Third_Party/FreeRTOS/Source/portable/GCC/ARM_CM7/r0p1 -I../../../Middlewares/Third_Party/FreeRTOS/Source -I../../../Middlewares/Third_Party/FreeRTOS/Source/CMSIS_RTOS -I../../../Middlewares/Third_Party/FreeRTOS/Source/include -I../../../Drivers/CMSIS/Include -Os -ffunction-sections -Wall -fstack-usage -MMD -MP -MF"Middlewares/LwIP/Core/timeouts.d" -MT"Middlewares/LwIP/Core/timeouts.o" --specs=nano.specs -mfpu=fpv5-sp-d16 -mfloat-abi=hard -mthumb -o "Middlewares/LwIP/Core/timeouts.o"
arm-none-eabi-gcc "D:/ST Projects/STM32F746/Workspace/LwIP_HTTP_Server_Netconn_RTOS/Middlewares/Third_Party/LwIP/src/core/udp.c" -mcpu=cortex-m7 -std=gnu11 -g3 -DUSE_HAL_DRIVER -DSTM32F746xx -DUSE_STM32F7XX_NUCLEO_144ADAFRUIT_TFT_JOY_SD_ID802 -c -I../../../Inc -I../../../Src -I../../../Drivers/CMSIS/Device/ST/STM32F7xx/Include -I../../../Drivers/STM32F7xx_HAL_Driver/Inc -I../../../Drivers/BSP/STM32F7xx_Nucleo_144 -I../../../Drivers/BSP/Components/Common -I../../../Middlewares/Third_Party/LwIP/src/include -I../../../Middlewares/Third_Party/LwIP/system -I../../../Middlewares/Third_Party/FreeRTOS/Source/portable/GCC/ARM_CM7/r0p1 -I../../../Middlewares/Third_Party/FreeRTOS/Source -I../../../Middlewares/Third_Party/FreeRTOS/Source/CMSIS_RTOS -I../../../Middlewares/Third_Party/FreeRTOS/Source/include -I../../../Drivers/CMSIS/Include -Os -ffunction-sections -Wall -fstack-usage -MMD -MP -MF"Middlewares/LwIP/Core/udp.d" -MT"Middlewares/LwIP/Core/udp.o" --specs=nano.specs -mfpu=fpv5-sp-d16 -mfloat-abi=hard -mthumb -o "Middlewares/LwIP/Core/udp.o"
arm-none-eabi-gcc "D:/ST Projects/STM32F746/Workspace/LwIP_HTTP_Server_Netconn_RTOS/Middlewares/Third_Party/LwIP/src/api/api_lib.c" -mcpu=cortex-m7 -std=gnu11 -g3 -DUSE_HAL_DRIVER -DSTM32F746xx -DUSE_STM32F7XX_NUCLEO_144ADAFRUIT_TFT_JOY_SD_ID802 -c -I../../../Inc -I../../../Src -I../../../Drivers/CMSIS/Device/ST/STM32F7xx/Include -I../../../Drivers/STM32F7xx_HAL_Driver/Inc -I../../../Drivers/BSP/STM32F7xx_Nucleo_144 -I../../../Drivers/BSP/Components/Common -I../../../Middlewares/Third_Party/LwIP/src/include -I../../../Middlewares/Third_Party/LwIP/system -I../../../Middlewares/Third_Party/FreeRTOS/Source/portable/GCC/ARM_CM7/r0p1 -I../../../Middlewares/Third_Party/FreeRTOS/Source -I../../../Middlewares/Third_Party/FreeRTOS/Source/CMSIS_RTOS -I../../../Middlewares/Third_Party/FreeRTOS/Source/include -I../../../Drivers/CMSIS/Include -Os -ffunction-sections -Wall -fstack-usage -MMD -MP -MF"Middlewares/LwIP/Api/api_lib.d" -MT"Middlewares/LwIP/Api/api_lib.o" --specs=nano.specs -mfpu=fpv5-sp-d16 -mfloat-abi=hard -mthumb -o "Middlewares/LwIP/Api/api_lib.o"
arm-none-eabi-gcc "D:/ST Projects/STM32F746/Workspace/LwIP_HTTP_Server_Netconn_RTOS/Middlewares/Third_Party/LwIP/src/api/api_msg.c" -mcpu=cortex-m7 -std=gnu11 -g3 -DUSE_HAL_DRIVER -DSTM32F746xx -DUSE_STM32F7XX_NUCLEO_144ADAFRUIT_TFT_JOY_SD_ID802 -c -I../../../Inc -I../../../Src -I../../../Drivers/CMSIS/Device/ST/STM32F7xx/Include -I../../../Drivers/STM32F7xx_HAL_Driver/Inc -I../../../Drivers/BSP/STM32F7xx_Nucleo_144 -I../../../Drivers/BSP/Components/Common -I../../../Middlewares/Third_Party/LwIP/src/include -I../../../Middlewares/Third_Party/LwIP/system -I../../../Middlewares/Third_Party/FreeRTOS/Source/portable/GCC/ARM_CM7/r0p1 -I../../../Middlewares/Third_Party/FreeRTOS/Source -I../../../Middlewares/Third_Party/FreeRTOS/Source/CMSIS_RTOS -I../../../Middlewares/Third_Party/FreeRTOS/Source/include -I../../../Drivers/CMSIS/Include -Os -ffunction-sections -Wall -fstack-usage -MMD -MP -MF"Middlewares/LwIP/Api/api_msg.d" -MT"Middlewares/LwIP/Api/api_msg.o" --specs=nano.specs -mfpu=fpv5-sp-d16 -mfloat-abi=hard -mthumb -o "Middlewares/LwIP/Api/api_msg.o"
arm-none-eabi-gcc "D:/ST Projects/STM32F746/Workspace/LwIP_HTTP_Server_Netconn_RTOS/Middlewares/Third_Party/LwIP/src/api/err.c" -mcpu=cortex-m7 -std=gnu11 -g3 -DUSE_HAL_DRIVER -DSTM32F746xx -DUSE_STM32F7XX_NUCLEO_144ADAFRUIT_TFT_JOY_SD_ID802 -c -I../../../Inc -I../../../Src -I../../../Drivers/CMSIS/Device/ST/STM32F7xx/Include -I../../../Drivers/STM32F7xx_HAL_Driver/Inc -I../../../Drivers/BSP/STM32F7xx_Nucleo_144 -I../../../Drivers/BSP/Components/Common -I../../../Middlewares/Third_Party/LwIP/src/include -I../../../Middlewares/Third_Party/LwIP/system -I../../../Middlewares/Third_Party/FreeRTOS/Source/portable/GCC/ARM_CM7/r0p1 -I../../../Middlewares/Third_Party/FreeRTOS/Source -I../../../Middlewares/Third_Party/FreeRTOS/Source/CMSIS_RTOS -I../../../Middlewares/Third_Party/FreeRTOS/Source/include -I../../../Drivers/CMSIS/Include -Os -ffunction-sections -Wall -fstack-usage -MMD -MP -MF"Middlewares/LwIP/Api/err.d" -MT"Middlewares/LwIP/Api/err.o" --specs=nano.specs -mfpu=fpv5-sp-d16 -mfloat-abi=hard -mthumb -o "Middlewares/LwIP/Api/err.o"
arm-none-eabi-gcc "D:/ST Projects/STM32F746/Workspace/LwIP_HTTP_Server_Netconn_RTOS/Middlewares/Third_Party/LwIP/src/api/netbuf.c" -mcpu=cortex-m7 -std=gnu11 -g3 -DUSE_HAL_DRIVER -DSTM32F746xx -DUSE_STM32F7XX_NUCLEO_144ADAFRUIT_TFT_JOY_SD_ID802 -c -I../../../Inc -I../../../Src -I../../../Drivers/CMSIS/Device/ST/STM32F7xx/Include -I../../../Drivers/STM32F7xx_HAL_Driver/Inc -I../../../Drivers/BSP/STM32F7xx_Nucleo_144 -I../../../Drivers/BSP/Components/Common -I../../../Middlewares/Third_Party/LwIP/src/include -I../../../Middlewares/Third_Party/LwIP/system -I../../../Middlewares/Third_Party/FreeRTOS/Source/portable/GCC/ARM_CM7/r0p1 -I../../../Middlewares/Third_Party/FreeRTOS/Source -I../../../Middlewares/Third_Party/FreeRTOS/Source/CMSIS_RTOS -I../../../Middlewares/Third_Party/FreeRTOS/Source/include -I../../../Drivers/CMSIS/Include -Os -ffunction-sections -Wall -fstack-usage -MMD -MP -MF"Middlewares/LwIP/Api/netbuf.d" -MT"Middlewares/LwIP/Api/netbuf.o" --specs=nano.specs -mfpu=fpv5-sp-d16 -mfloat-abi=hard -mthumb -o "Middlewares/LwIP/Api/netbuf.o"
arm-none-eabi-gcc "D:/ST Projects/STM32F746/Workspace/LwIP_HTTP_Server_Netconn_RTOS/Middlewares/Third_Party/LwIP/src/api/netdb.c" -mcpu=cortex-m7 -std=gnu11 -g3 -DUSE_HAL_DRIVER -DSTM32F746xx -DUSE_STM32F7XX_NUCLEO_144ADAFRUIT_TFT_JOY_SD_ID802 -c -I../../../Inc -I../../../Src -I../../../Drivers/CMSIS/Device/ST/STM32F7xx/Include -I../../../Drivers/STM32F7xx_HAL_Driver/Inc -I../../../Drivers/BSP/STM32F7xx_Nucleo_144 -I../../../Drivers/BSP/Components/Common -I../../../Middlewares/Third_Party/LwIP/src/include -I../../../Middlewares/Third_Party/LwIP/system -I../../../Middlewares/Third_Party/FreeRTOS/Source/portable/GCC/ARM_CM7/r0p1 -I../../../Middlewares/Third_Party/FreeRTOS/Source -I../../../Middlewares/Third_Party/FreeRTOS/Source/CMSIS_RTOS -I../../../Middlewares/Third_Party/FreeRTOS/Source/include -I../../../Drivers/CMSIS/Include -Os -ffunction-sections -Wall -fstack-usage -MMD -MP -MF"Middlewares/LwIP/Api/netdb.d" -MT"Middlewares/LwIP/Api/netdb.o" --specs=nano.specs -mfpu=fpv5-sp-d16 -mfloat-abi=hard -mthumb -o "Middlewares/LwIP/Api/netdb.o"
arm-none-eabi-gcc "D:/ST Projects/STM32F746/Workspace/LwIP_HTTP_Server_Netconn_RTOS/Middlewares/Third_Party/LwIP/src/api/netifapi.c" -mcpu=cortex-m7 -std=gnu11 -g3 -DUSE_HAL_DRIVER -DSTM32F746xx -DUSE_STM32F7XX_NUCLEO_144ADAFRUIT_TFT_JOY_SD_ID802 -c -I../../../Inc -I../../../Src -I../../../Drivers/CMSIS/Device/ST/STM32F7xx/Include -I../../../Drivers/STM32F7xx_HAL_Driver/Inc -I../../../Drivers/BSP/STM32F7xx_Nucleo_144 -I../../../Drivers/BSP/Components/Common -I../../../Middlewares/Third_Party/LwIP/src/include -I../../../Middlewares/Third_Party/LwIP/system -I../../../Middlewares/Third_Party/FreeRTOS/Source/portable/GCC/ARM_CM7/r0p1 -I../../../Middlewares/Third_Party/FreeRTOS/Source -I../../../Middlewares/Third_Party/FreeRTOS/Source/CMSIS_RTOS -I../../../Middlewares/Third_Party/FreeRTOS/Source/include -I../../../Drivers/CMSIS/Include -Os -ffunction-sections -Wall -fstack-usage -MMD -MP -MF"Middlewares/LwIP/Api/netifapi.d" -MT"Middlewares/LwIP/Api/netifapi.o" --specs=nano.specs -mfpu=fpv5-sp-d16 -mfloat-abi=hard -mthumb -o "Middlewares/LwIP/Api/netifapi.o"
arm-none-eabi-gcc "D:/ST Projects/STM32F746/Workspace/LwIP_HTTP_Server_Netconn_RTOS/Middlewares/Third_Party/LwIP/src/api/sockets.c" -mcpu=cortex-m7 -std=gnu11 -g3 -DUSE_HAL_DRIVER -DSTM32F746xx -DUSE_STM32F7XX_NUCLEO_144ADAFRUIT_TFT_JOY_SD_ID802 -c -I../../../Inc -I../../../Src -I../../../Drivers/CMSIS/Device/ST/STM32F7xx/Include -I../../../Drivers/STM32F7xx_HAL_Driver/Inc -I../../../Drivers/BSP/STM32F7xx_Nucleo_144 -I../../../Drivers/BSP/Components/Common -I../../../Middlewares/Third_Party/LwIP/src/include -I../../../Middlewares/Third_Party/LwIP/system -I../../../Middlewares/Third_Party/FreeRTOS/Source/portable/GCC/ARM_CM7/r0p1 -I../../../Middlewares/Third_Party/FreeRTOS/Source -I../../../Middlewares/Third_Party/FreeRTOS/Source/CMSIS_RTOS -I../../../Middlewares/Third_Party/FreeRTOS/Source/include -I../../../Drivers/CMSIS/Include -Os -ffunction-sections -Wall -fstack-usage -MMD -MP -MF"Middlewares/LwIP/Api/sockets.d" -MT"Middlewares/LwIP/Api/sockets.o" --specs=nano.specs -mfpu=fpv5-sp-d16 -mfloat-abi=hard -mthumb -o "Middlewares/LwIP/Api/sockets.o"
arm-none-eabi-gcc "D:/ST Projects/STM32F746/Workspace/LwIP_HTTP_Server_Netconn_RTOS/Middlewares/Third_Party/LwIP/src/api/tcpip.c" -mcpu=cortex-m7 -std=gnu11 -g3 -DUSE_HAL_DRIVER -DSTM32F746xx -DUSE_STM32F7XX_NUCLEO_144ADAFRUIT_TFT_JOY_SD_ID802 -c -I../../../Inc -I../../../Src -I../../../Drivers/CMSIS/Device/ST/STM32F7xx/Include -I../../../Drivers/STM32F7xx_HAL_Driver/Inc -I../../../Drivers/BSP/STM32F7xx_Nucleo_144 -I../../../Drivers/BSP/Components/Common -I../../../Middlewares/Third_Party/LwIP/src/include -I../../../Middlewares/Third_Party/LwIP/system -I../../../Middlewares/Third_Party/FreeRTOS/Source/portable/GCC/ARM_CM7/r0p1 -I../../../Middlewares/Third_Party/FreeRTOS/Source -I../../../Middlewares/Third_Party/FreeRTOS/Source/CMSIS_RTOS -I../../../Middlewares/Third_Party/FreeRTOS/Source/include -I../../../Drivers/CMSIS/Include -Os -ffunction-sections -Wall -fstack-usage -MMD -MP -MF"Middlewares/LwIP/Api/tcpip.d" -MT"Middlewares/LwIP/Api/tcpip.o" --specs=nano.specs -mfpu=fpv5-sp-d16 -mfloat-abi=hard -mthumb -o "Middlewares/LwIP/Api/tcpip.o"
arm-none-eabi-gcc "D:/ST Projects/STM32F746/Workspace/LwIP_HTTP_Server_Netconn_RTOS/Middlewares/Third_Party/FreeRTOS/Source/CMSIS_RTOS/cmsis_os.c" -mcpu=cortex-m7 -std=gnu11 -g3 -DUSE_HAL_DRIVER -DSTM32F746xx -DUSE_STM32F7XX_NUCLEO_144ADAFRUIT_TFT_JOY_SD_ID802 -c -I../../../Inc -I../../../Src -I../../../Drivers/CMSIS/Device/ST/STM32F7xx/Include -I../../../Drivers/STM32F7xx_HAL_Driver/Inc -I../../../Drivers/BSP/STM32F7xx_Nucleo_144 -I../../../Drivers/BSP/Components/Common -I../../../Middlewares/Third_Party/LwIP/src/include -I../../../Middlewares/Third_Party/LwIP/system -I../../../Middlewares/Third_Party/FreeRTOS/Source/portable/GCC/ARM_CM7/r0p1 -I../../../Middlewares/Third_Party/FreeRTOS/Source -I../../../Middlewares/Third_Party/FreeRTOS/Source/CMSIS_RTOS -I../../../Middlewares/Third_Party/FreeRTOS/Source/include -I../../../Drivers/CMSIS/Include -Os -ffunction-sections -Wall -fstack-usage -MMD -MP -MF"Middlewares/FreeRTOS/portable/cmsis_os.d" -MT"Middlewares/FreeRTOS/portable/cmsis_os.o" --specs=nano.specs -mfpu=fpv5-sp-d16 -mfloat-abi=hard -mthumb -o "Middlewares/FreeRTOS/portable/cmsis_os.o"
arm-none-eabi-gcc "D:/ST Projects/STM32F746/Workspace/LwIP_HTTP_Server_Netconn_RTOS/Middlewares/Third_Party/FreeRTOS/Source/portable/MemMang/heap_4.c" -mcpu=cortex-m7 -std=gnu11 -g3 -DUSE_HAL_DRIVER -DSTM32F746xx -DUSE_STM32F7XX_NUCLEO_144ADAFRUIT_TFT_JOY_SD_ID802 -c -I../../../Inc -I../../../Src -I../../../Drivers/CMSIS/Device/ST/STM32F7xx/Include -I../../../Drivers/STM32F7xx_HAL_Driver/Inc -I../../../Drivers/BSP/STM32F7xx_Nucleo_144 -I../../../Drivers/BSP/Components/Common -I../../../Middlewares/Third_Party/LwIP/src/include -I../../../Middlewares/Third_Party/LwIP/system -I../../../Middlewares/Third_Party/FreeRTOS/Source/portable/GCC/ARM_CM7/r0p1 -I../../../Middlewares/Third_Party/FreeRTOS/Source -I../../../Middlewares/Third_Party/FreeRTOS/Source/CMSIS_RTOS -I../../../Middlewares/Third_Party/FreeRTOS/Source/include -I../../../Drivers/CMSIS/Include -Os -ffunction-sections -Wall -fstack-usage -MMD -MP -MF"Middlewares/FreeRTOS/portable/heap_4.d" -MT"Middlewares/FreeRTOS/portable/heap_4.o" --specs=nano.specs -mfpu=fpv5-sp-d16 -mfloat-abi=hard -mthumb -o "Middlewares/FreeRTOS/portable/heap_4.o"
arm-none-eabi-gcc "D:/ST Projects/STM32F746/Workspace/LwIP_HTTP_Server_Netconn_RTOS/Middlewares/Third_Party/FreeRTOS/Source/portable/GCC/ARM_CM7/r0p1/port.c" -mcpu=cortex-m7 -std=gnu11 -g3 -DUSE_HAL_DRIVER -DSTM32F746xx -DUSE_STM32F7XX_NUCLEO_144ADAFRUIT_TFT_JOY_SD_ID802 -c -I../../../Inc -I../../../Src -I../../../Drivers/CMSIS/Device/ST/STM32F7xx/Include -I../../../Drivers/STM32F7xx_HAL_Driver/Inc -I../../../Drivers/BSP/STM32F7xx_Nucleo_144 -I../../../Drivers/BSP/Components/Common -I../../../Middlewares/Third_Party/LwIP/src/include -I../../../Middlewares/Third_Party/LwIP/system -I../../../Middlewares/Third_Party/FreeRTOS/Source/portable/GCC/ARM_CM7/r0p1 -I../../../Middlewares/Third_Party/FreeRTOS/Source -I../../../Middlewares/Third_Party/FreeRTOS/Source/CMSIS_RTOS -I../../../Middlewares/Third_Party/FreeRTOS/Source/include -I../../../Drivers/CMSIS/Include -Os -ffunction-sections -Wall -fstack-usage -MMD -MP -MF"Middlewares/FreeRTOS/portable/port.d" -MT"Middlewares/FreeRTOS/portable/port.o" --specs=nano.specs -mfpu=fpv5-sp-d16 -mfloat-abi=hard -mthumb -o "Middlewares/FreeRTOS/portable/port.o"
arm-none-eabi-gcc "D:/ST Projects/STM32F746/Workspace/LwIP_HTTP_Server_Netconn_RTOS/Middlewares/Third_Party/FreeRTOS/Source/croutine.c" -mcpu=cortex-m7 -std=gnu11 -g3 -DUSE_HAL_DRIVER -DSTM32F746xx -DUSE_STM32F7XX_NUCLEO_144ADAFRUIT_TFT_JOY_SD_ID802 -c -I../../../Inc -I../../../Src -I../../../Drivers/CMSIS/Device/ST/STM32F7xx/Include -I../../../Drivers/STM32F7xx_HAL_Driver/Inc -I../../../Drivers/BSP/STM32F7xx_Nucleo_144 -I../../../Drivers/BSP/Components/Common -I../../../Middlewares/Third_Party/LwIP/src/include -I../../../Middlewares/Third_Party/LwIP/system -I../../../Middlewares/Third_Party/FreeRTOS/Source/portable/GCC/ARM_CM7/r0p1 -I../../../Middlewares/Third_Party/FreeRTOS/Source -I../../../Middlewares/Third_Party/FreeRTOS/Source/CMSIS_RTOS -I../../../Middlewares/Third_Party/FreeRTOS/Source/include -I../../../Drivers/CMSIS/Include -Os -ffunction-sections -Wall -fstack-usage -MMD -MP -MF"Middlewares/FreeRTOS/croutine.d" -MT"Middlewares/FreeRTOS/croutine.o" --specs=nano.specs -mfpu=fpv5-sp-d16 -mfloat-abi=hard -mthumb -o "Middlewares/FreeRTOS/croutine.o"
arm-none-eabi-gcc "D:/ST Projects/STM32F746/Workspace/LwIP_HTTP_Server_Netconn_RTOS/Middlewares/Third_Party/FreeRTOS/Source/list.c" -mcpu=cortex-m7 -std=gnu11 -g3 -DUSE_HAL_DRIVER -DSTM32F746xx -DUSE_STM32F7XX_NUCLEO_144ADAFRUIT_TFT_JOY_SD_ID802 -c -I../../../Inc -I../../../Src -I../../../Drivers/CMSIS/Device/ST/STM32F7xx/Include -I../../../Drivers/STM32F7xx_HAL_Driver/Inc -I../../../Drivers/BSP/STM32F7xx_Nucleo_144 -I../../../Drivers/BSP/Components/Common -I../../../Middlewares/Third_Party/LwIP/src/include -I../../../Middlewares/Third_Party/LwIP/system -I../../../Middlewares/Third_Party/FreeRTOS/Source/portable/GCC/ARM_CM7/r0p1 -I../../../Middlewares/Third_Party/FreeRTOS/Source -I../../../Middlewares/Third_Party/FreeRTOS/Source/CMSIS_RTOS -I../../../Middlewares/Third_Party/FreeRTOS/Source/include -I../../../Drivers/CMSIS/Include -Os -ffunction-sections -Wall -fstack-usage -MMD -MP -MF"Middlewares/FreeRTOS/list.d" -MT"Middlewares/FreeRTOS/list.o" --specs=nano.specs -mfpu=fpv5-sp-d16 -mfloat-abi=hard -mthumb -o "Middlewares/FreeRTOS/list.o"
arm-none-eabi-gcc "D:/ST Projects/STM32F746/Workspace/LwIP_HTTP_Server_Netconn_RTOS/Middlewares/Third_Party/FreeRTOS/Source/queue.c" -mcpu=cortex-m7 -std=gnu11 -g3 -DUSE_HAL_DRIVER -DSTM32F746xx -DUSE_STM32F7XX_NUCLEO_144ADAFRUIT_TFT_JOY_SD_ID802 -c -I../../../Inc -I../../../Src -I../../../Drivers/CMSIS/Device/ST/STM32F7xx/Include -I../../../Drivers/STM32F7xx_HAL_Driver/Inc -I../../../Drivers/BSP/STM32F7xx_Nucleo_144 -I../../../Drivers/BSP/Components/Common -I../../../Middlewares/Third_Party/LwIP/src/include -I../../../Middlewares/Third_Party/LwIP/system -I../../../Middlewares/Third_Party/FreeRTOS/Source/portable/GCC/ARM_CM7/r0p1 -I../../../Middlewares/Third_Party/FreeRTOS/Source -I../../../Middlewares/Third_Party/FreeRTOS/Source/CMSIS_RTOS -I../../../Middlewares/Third_Party/FreeRTOS/Source/include -I../../../Drivers/CMSIS/Include -Os -ffunction-sections -Wall -fstack-usage -MMD -MP -MF"Middlewares/FreeRTOS/queue.d" -MT"Middlewares/FreeRTOS/queue.o" --specs=nano.specs -mfpu=fpv5-sp-d16 -mfloat-abi=hard -mthumb -o "Middlewares/FreeRTOS/queue.o"
arm-none-eabi-gcc "D:/ST Projects/STM32F746/Workspace/LwIP_HTTP_Server_Netconn_RTOS/Middlewares/Third_Party/FreeRTOS/Source/tasks.c" -mcpu=cortex-m7 -std=gnu11 -g3 -DUSE_HAL_DRIVER -DSTM32F746xx -DUSE_STM32F7XX_NUCLEO_144ADAFRUIT_TFT_JOY_SD_ID802 -c -I../../../Inc -I../../../Src -I../../../Drivers/CMSIS/Device/ST/STM32F7xx/Include -I../../../Drivers/STM32F7xx_HAL_Driver/Inc -I../../../Drivers/BSP/STM32F7xx_Nucleo_144 -I../../../Drivers/BSP/Components/Common -I../../../Middlewares/Third_Party/LwIP/src/include -I../../../Middlewares/Third_Party/LwIP/system -I../../../Middlewares/Third_Party/FreeRTOS/Source/portable/GCC/ARM_CM7/r0p1 -I../../../Middlewares/Third_Party/FreeRTOS/Source -I../../../Middlewares/Third_Party/FreeRTOS/Source/CMSIS_RTOS -I../../../Middlewares/Third_Party/FreeRTOS/Source/include -I../../../Drivers/CMSIS/Include -Os -ffunction-sections -Wall -fstack-usage -MMD -MP -MF"Middlewares/FreeRTOS/tasks.d" -MT"Middlewares/FreeRTOS/tasks.o" --specs=nano.specs -mfpu=fpv5-sp-d16 -mfloat-abi=hard -mthumb -o "Middlewares/FreeRTOS/tasks.o"
arm-none-eabi-gcc "D:/ST Projects/STM32F746/Workspace/LwIP_HTTP_Server_Netconn_RTOS/Middlewares/Third_Party/FreeRTOS/Source/timers.c" -mcpu=cortex-m7 -std=gnu11 -g3 -DUSE_HAL_DRIVER -DSTM32F746xx -DUSE_STM32F7XX_NUCLEO_144ADAFRUIT_TFT_JOY_SD_ID802 -c -I../../../Inc -I../../../Src -I../../../Drivers/CMSIS/Device/ST/STM32F7xx/Include -I../../../Drivers/STM32F7xx_HAL_Driver/Inc -I../../../Drivers/BSP/STM32F7xx_Nucleo_144 -I../../../Drivers/BSP/Components/Common -I../../../Middlewares/Third_Party/LwIP/src/include -I../../../Middlewares/Third_Party/LwIP/system -I../../../Middlewares/Third_Party/FreeRTOS/Source/portable/GCC/ARM_CM7/r0p1 -I../../../Middlewares/Third_Party/FreeRTOS/Source -I../../../Middlewares/Third_Party/FreeRTOS/Source/CMSIS_RTOS -I../../../Middlewares/Third_Party/FreeRTOS/Source/include -I../../../Drivers/CMSIS/Include -Os -ffunction-sections -Wall -fstack-usage -MMD -MP -MF"Middlewares/FreeRTOS/timers.d" -MT"Middlewares/FreeRTOS/timers.o" --specs=nano.specs -mfpu=fpv5-sp-d16 -mfloat-abi=hard -mthumb -o "Middlewares/FreeRTOS/timers.o"
arm-none-eabi-gcc "D:/ST Projects/STM32F746/Workspace/LwIP_HTTP_Server_Netconn_RTOS/Drivers/STM32F7xx_HAL_Driver/Src/stm32f7xx_hal.c" -mcpu=cortex-m7 -std=gnu11 -g3 -DUSE_HAL_DRIVER -DSTM32F746xx -DUSE_STM32F7XX_NUCLEO_144ADAFRUIT_TFT_JOY_SD_ID802 -c -I../../../Inc -I../../../Src -I../../../Drivers/CMSIS/Device/ST/STM32F7xx/Include -I../../../Drivers/STM32F7xx_HAL_Driver/Inc -I../../../Drivers/BSP/STM32F7xx_Nucleo_144 -I../../../Drivers/BSP/Components/Common -I../../../Middlewares/Third_Party/LwIP/src/include -I../../../Middlewares/Third_Party/LwIP/system -I../../../Middlewares/Third_Party/FreeRTOS/Source/portable/GCC/ARM_CM7/r0p1 -I../../../Middlewares/Third_Party/FreeRTOS/Source -I../../../Middlewares/Third_Party/FreeRTOS/Source/CMSIS_RTOS -I../../../Middlewares/Third_Party/FreeRTOS/Source/include -I../../../Drivers/CMSIS/Include -Os -ffunction-sections -Wall -fstack-usage -MMD -MP -MF"Drivers/STM32F7xx_HAL_Driver/stm32f7xx_hal.d" -MT"Drivers/STM32F7xx_HAL_Driver/stm32f7xx_hal.o" --specs=nano.specs -mfpu=fpv5-sp-d16 -mfloat-abi=hard -mthumb -o "Drivers/STM32F7xx_HAL_Driver/stm32f7xx_hal.o"
arm-none-eabi-gcc "D:/ST Projects/STM32F746/Workspace/LwIP_HTTP_Server_Netconn_RTOS/Drivers/STM32F7xx_HAL_Driver/Src/stm32f7xx_hal_cortex.c" -mcpu=cortex-m7 -std=gnu11 -g3 -DUSE_HAL_DRIVER -DSTM32F746xx -DUSE_STM32F7XX_NUCLEO_144ADAFRUIT_TFT_JOY_SD_ID802 -c -I../../../Inc -I../../../Src -I../../../Drivers/CMSIS/Device/ST/STM32F7xx/Include -I../../../Drivers/STM32F7xx_HAL_Driver/Inc -I../../../Drivers/BSP/STM32F7xx_Nucleo_144 -I../../../Drivers/BSP/Components/Common -I../../../Middlewares/Third_Party/LwIP/src/include -I../../../Middlewares/Third_Party/LwIP/system -I../../../Middlewares/Third_Party/FreeRTOS/Source/portable/GCC/ARM_CM7/r0p1 -I../../../Middlewares/Third_Party/FreeRTOS/Source -I../../../Middlewares/Third_Party/FreeRTOS/Source/CMSIS_RTOS -I../../../Middlewares/Third_Party/FreeRTOS/Source/include -I../../../Drivers/CMSIS/Include -Os -ffunction-sections -Wall -fstack-usage -MMD -MP -MF"Drivers/STM32F7xx_HAL_Driver/stm32f7xx_hal_cortex.d" -MT"Drivers/STM32F7xx_HAL_Driver/stm32f7xx_hal_cortex.o" --specs=nano.specs -mfpu=fpv5-sp-d16 -mfloat-abi=hard -mthumb -o "Drivers/STM32F7xx_HAL_Driver/stm32f7xx_hal_cortex.o"
arm-none-eabi-gcc "D:/ST Projects/STM32F746/Workspace/LwIP_HTTP_Server_Netconn_RTOS/Drivers/STM32F7xx_HAL_Driver/Src/stm32f7xx_hal_dma.c" -mcpu=cortex-m7 -std=gnu11 -g3 -DUSE_HAL_DRIVER -DSTM32F746xx -DUSE_STM32F7XX_NUCLEO_144ADAFRUIT_TFT_JOY_SD_ID802 -c -I../../../Inc -I../../../Src -I../../../Drivers/CMSIS/Device/ST/STM32F7xx/Include -I../../../Drivers/STM32F7xx_HAL_Driver/Inc -I../../../Drivers/BSP/STM32F7xx_Nucleo_144 -I../../../Drivers/BSP/Components/Common -I../../../Middlewares/Third_Party/LwIP/src/include -I../../../Middlewares/Third_Party/LwIP/system -I../../../Middlewares/Third_Party/FreeRTOS/Source/portable/GCC/ARM_CM7/r0p1 -I../../../Middlewares/Third_Party/FreeRTOS/Source -I../../../Middlewares/Third_Party/FreeRTOS/Source/CMSIS_RTOS -I../../../Middlewares/Third_Party/FreeRTOS/Source/include -I../../../Drivers/CMSIS/Include -Os -ffunction-sections -Wall -fstack-usage -MMD -MP -MF"Drivers/STM32F7xx_HAL_Driver/stm32f7xx_hal_dma.d" -MT"Drivers/STM32F7xx_HAL_Driver/stm32f7xx_hal_dma.o" --specs=nano.specs -mfpu=fpv5-sp-d16 -mfloat-abi=hard -mthumb -o "Drivers/STM32F7xx_HAL_Driver/stm32f7xx_hal_dma.o"
arm-none-eabi-gcc "D:/ST Projects/STM32F746/Workspace/LwIP_HTTP_Server_Netconn_RTOS/Drivers/STM32F7xx_HAL_Driver/Src/stm32f7xx_hal_dma2d.c" -mcpu=cortex-m7 -std=gnu11 -g3 -DUSE_HAL_DRIVER -DSTM32F746xx -DUSE_STM32F7XX_NUCLEO_144ADAFRUIT_TFT_JOY_SD_ID802 -c -I../../../Inc -I../../../Src -I../../../Drivers/CMSIS/Device/ST/STM32F7xx/Include -I../../../Drivers/STM32F7xx_HAL_Driver/Inc -I../../../Drivers/BSP/STM32F7xx_Nucleo_144 -I../../../Drivers/BSP/Components/Common -I../../../Middlewares/Third_Party/LwIP/src/include -I../../../Middlewares/Third_Party/LwIP/system -I../../../Middlewares/Third_Party/FreeRTOS/Source/portable/GCC/ARM_CM7/r0p1 -I../../../Middlewares/Third_Party/FreeRTOS/Source -I../../../Middlewares/Third_Party/FreeRTOS/Source/CMSIS_RTOS -I../../../Middlewares/Third_Party/FreeRTOS/Source/include -I../../../Drivers/CMSIS/Include -Os -ffunction-sections -Wall -fstack-usage -MMD -MP -MF"Drivers/STM32F7xx_HAL_Driver/stm32f7xx_hal_dma2d.d" -MT"Drivers/STM32F7xx_HAL_Driver/stm32f7xx_hal_dma2d.o" --specs=nano.specs -mfpu=fpv5-sp-d16 -mfloat-abi=hard -mthumb -o "Drivers/STM32F7xx_HAL_Driver/stm32f7xx_hal_dma2d.o"
arm-none-eabi-gcc "D:/ST Projects/STM32F746/Workspace/LwIP_HTTP_Server_Netconn_RTOS/Drivers/STM32F7xx_HAL_Driver/Src/stm32f7xx_hal_eth.c" -mcpu=cortex-m7 -std=gnu11 -g3 -DUSE_HAL_DRIVER -DSTM32F746xx -DUSE_STM32F7XX_NUCLEO_144ADAFRUIT_TFT_JOY_SD_ID802 -c -I../../../Inc -I../../../Src -I../../../Drivers/CMSIS/Device/ST/STM32F7xx/Include -I../../../Drivers/STM32F7xx_HAL_Driver/Inc -I../../../Drivers/BSP/STM32F7xx_Nucleo_144 -I../../../Drivers/BSP/Components/Common -I../../../Middlewares/Third_Party/LwIP/src/include -I../../../Middlewares/Third_Party/LwIP/system -I../../../Middlewares/Third_Party/FreeRTOS/Source/portable/GCC/ARM_CM7/r0p1 -I../../../Middlewares/Third_Party/FreeRTOS/Source -I../../../Middlewares/Third_Party/FreeRTOS/Source/CMSIS_RTOS -I../../../Middlewares/Third_Party/FreeRTOS/Source/include -I../../../Drivers/CMSIS/Include -Os -ffunction-sections -Wall -fstack-usage -MMD -MP -MF"Drivers/STM32F7xx_HAL_Driver/stm32f7xx_hal_eth.d" -MT"Drivers/STM32F7xx_HAL_Driver/stm32f7xx_hal_eth.o" --specs=nano.specs -mfpu=fpv5-sp-d16 -mfloat-abi=hard -mthumb -o "Drivers/STM32F7xx_HAL_Driver/stm32f7xx_hal_eth.o"
arm-none-eabi-gcc "D:/ST Projects/STM32F746/Workspace/LwIP_HTTP_Server_Netconn_RTOS/Drivers/STM32F7xx_HAL_Driver/Src/stm32f7xx_hal_flash.c" -mcpu=cortex-m7 -std=gnu11 -g3 -DUSE_HAL_DRIVER -DSTM32F746xx -DUSE_STM32F7XX_NUCLEO_144ADAFRUIT_TFT_JOY_SD_ID802 -c -I../../../Inc -I../../../Src -I../../../Drivers/CMSIS/Device/ST/STM32F7xx/Include -I../../../Drivers/STM32F7xx_HAL_Driver/Inc -I../../../Drivers/BSP/STM32F7xx_Nucleo_144 -I../../../Drivers/BSP/Components/Common -I../../../Middlewares/Third_Party/LwIP/src/include -I../../../Middlewares/Third_Party/LwIP/system -I../../../Middlewares/Third_Party/FreeRTOS/Source/portable/GCC/ARM_CM7/r0p1 -I../../../Middlewares/Third_Party/FreeRTOS/Source -I../../../Middlewares/Third_Party/FreeRTOS/Source/CMSIS_RTOS -I../../../Middlewares/Third_Party/FreeRTOS/Source/include -I../../../Drivers/CMSIS/Include -Os -ffunction-sections -Wall -fstack-usage -MMD -MP -MF"Drivers/STM32F7xx_HAL_Driver/stm32f7xx_hal_flash.d" -MT"Drivers/STM32F7xx_HAL_Driver/stm32f7xx_hal_flash.o" --specs=nano.specs -mfpu=fpv5-sp-d16 -mfloat-abi=hard -mthumb -o "Drivers/STM32F7xx_HAL_Driver/stm32f7xx_hal_flash.o"
arm-none-eabi-gcc "D:/ST Projects/STM32F746/Workspace/LwIP_HTTP_Server_Netconn_RTOS/Drivers/STM32F7xx_HAL_Driver/Src/stm32f7xx_hal_flash_ex.c" -mcpu=cortex-m7 -std=gnu11 -g3 -DUSE_HAL_DRIVER -DSTM32F746xx -DUSE_STM32F7XX_NUCLEO_144ADAFRUIT_TFT_JOY_SD_ID802 -c -I../../../Inc -I../../../Src -I../../../Drivers/CMSIS/Device/ST/STM32F7xx/Include -I../../../Drivers/STM32F7xx_HAL_Driver/Inc -I../../../Drivers/BSP/STM32F7xx_Nucleo_144 -I../../../Drivers/BSP/Components/Common -I../../../Middlewares/Third_Party/LwIP/src/include -I../../../Middlewares/Third_Party/LwIP/system -I../../../Middlewares/Third_Party/FreeRTOS/Source/portable/GCC/ARM_CM7/r0p1 -I../../../Middlewares/Third_Party/FreeRTOS/Source -I../../../Middlewares/Third_Party/FreeRTOS/Source/CMSIS_RTOS -I../../../Middlewares/Third_Party/FreeRTOS/Source/include -I../../../Drivers/CMSIS/Include -Os -ffunction-sections -Wall -fstack-usage -MMD -MP -MF"Drivers/STM32F7xx_HAL_Driver/stm32f7xx_hal_flash_ex.d" -MT"Drivers/STM32F7xx_HAL_Driver/stm32f7xx_hal_flash_ex.o" --specs=nano.specs -mfpu=fpv5-sp-d16 -mfloat-abi=hard -mthumb -o "Drivers/STM32F7xx_HAL_Driver/stm32f7xx_hal_flash_ex.o"
arm-none-eabi-gcc "D:/ST Projects/STM32F746/Workspace/LwIP_HTTP_Server_Netconn_RTOS/Drivers/STM32F7xx_HAL_Driver/Src/stm32f7xx_hal_gpio.c" -mcpu=cortex-m7 -std=gnu11 -g3 -DUSE_HAL_DRIVER -DSTM32F746xx -DUSE_STM32F7XX_NUCLEO_144ADAFRUIT_TFT_JOY_SD_ID802 -c -I../../../Inc -I../../../Src -I../../../Drivers/CMSIS/Device/ST/STM32F7xx/Include -I../../../Drivers/STM32F7xx_HAL_Driver/Inc -I../../../Drivers/BSP/STM32F7xx_Nucleo_144 -I../../../Drivers/BSP/Components/Common -I../../../Middlewares/Third_Party/LwIP/src/include -I../../../Middlewares/Third_Party/LwIP/system -I../../../Middlewares/Third_Party/FreeRTOS/Source/portable/GCC/ARM_CM7/r0p1 -I../../../Middlewares/Third_Party/FreeRTOS/Source -I../../../Middlewares/Third_Party/FreeRTOS/Source/CMSIS_RTOS -I../../../Middlewares/Third_Party/FreeRTOS/Source/include -I../../../Drivers/CMSIS/Include -Os -ffunction-sections -Wall -fstack-usage -MMD -MP -MF"Drivers/STM32F7xx_HAL_Driver/stm32f7xx_hal_gpio.d" -MT"Drivers/STM32F7xx_HAL_Driver/stm32f7xx_hal_gpio.o" --specs=nano.specs -mfpu=fpv5-sp-d16 -mfloat-abi=hard -mthumb -o "Drivers/STM32F7xx_HAL_Driver/stm32f7xx_hal_gpio.o"
arm-none-eabi-gcc "D:/ST Projects/STM32F746/Workspace/LwIP_HTTP_Server_Netconn_RTOS/Drivers/STM32F7xx_HAL_Driver/Src/stm32f7xx_hal_i2c.c" -mcpu=cortex-m7 -std=gnu11 -g3 -DUSE_HAL_DRIVER -DSTM32F746xx -DUSE_STM32F7XX_NUCLEO_144ADAFRUIT_TFT_JOY_SD_ID802 -c -I../../../Inc -I../../../Src -I../../../Drivers/CMSIS/Device/ST/STM32F7xx/Include -I../../../Drivers/STM32F7xx_HAL_Driver/Inc -I../../../Drivers/BSP/STM32F7xx_Nucleo_144 -I../../../Drivers/BSP/Components/Common -I../../../Middlewares/Third_Party/LwIP/src/include -I../../../Middlewares/Third_Party/LwIP/system -I../../../Middlewares/Third_Party/FreeRTOS/Source/portable/GCC/ARM_CM7/r0p1 -I../../../Middlewares/Third_Party/FreeRTOS/Source -I../../../Middlewares/Third_Party/FreeRTOS/Source/CMSIS_RTOS -I../../../Middlewares/Third_Party/FreeRTOS/Source/include -I../../../Drivers/CMSIS/Include -Os -ffunction-sections -Wall -fstack-usage -MMD -MP -MF"Drivers/STM32F7xx_HAL_Driver/stm32f7xx_hal_i2c.d" -MT"Drivers/STM32F7xx_HAL_Driver/stm32f7xx_hal_i2c.o" --specs=nano.specs -mfpu=fpv5-sp-d16 -mfloat-abi=hard -mthumb -o "Drivers/STM32F7xx_HAL_Driver/stm32f7xx_hal_i2c.o"
arm-none-eabi-gcc "D:/ST Projects/STM32F746/Workspace/LwIP_HTTP_Server_Netconn_RTOS/Drivers/STM32F7xx_HAL_Driver/Src/stm32f7xx_hal_i2c_ex.c" -mcpu=cortex-m7 -std=gnu11 -g3 -DUSE_HAL_DRIVER -DSTM32F746xx -DUSE_STM32F7XX_NUCLEO_144ADAFRUIT_TFT_JOY_SD_ID802 -c -I../../../Inc -I../../../Src -I../../../Drivers/CMSIS/Device/ST/STM32F7xx/Include -I../../../Drivers/STM32F7xx_HAL_Driver/Inc -I../../../Drivers/BSP/STM32F7xx_Nucleo_144 -I../../../Drivers/BSP/Components/Common -I../../../Middlewares/Third_Party/LwIP/src/include -I../../../Middlewares/Third_Party/LwIP/system -I../../../Middlewares/Third_Party/FreeRTOS/Source/portable/GCC/ARM_CM7/r0p1 -I../../../Middlewares/Third_Party/FreeRTOS/Source -I../../../Middlewares/Third_Party/FreeRTOS/Source/CMSIS_RTOS -I../../../Middlewares/Third_Party/FreeRTOS/Source/include -I../../../Drivers/CMSIS/Include -Os -ffunction-sections -Wall -fstack-usage -MMD -MP -MF"Drivers/STM32F7xx_HAL_Driver/stm32f7xx_hal_i2c_ex.d" -MT"Drivers/STM32F7xx_HAL_Driver/stm32f7xx_hal_i2c_ex.o" --specs=nano.specs -mfpu=fpv5-sp-d16 -mfloat-abi=hard -mthumb -o "Drivers/STM32F7xx_HAL_Driver/stm32f7xx_hal_i2c_ex.o"
arm-none-eabi-gcc "D:/ST Projects/STM32F746/Workspace/LwIP_HTTP_Server_Netconn_RTOS/Drivers/STM32F7xx_HAL_Driver/Src/stm32f7xx_hal_ltdc.c" -mcpu=cortex-m7 -std=gnu11 -g3 -DUSE_HAL_DRIVER -DSTM32F746xx -DUSE_STM32F7XX_NUCLEO_144ADAFRUIT_TFT_JOY_SD_ID802 -c -I../../../Inc -I../../../Src -I../../../Drivers/CMSIS/Device/ST/STM32F7xx/Include -I../../../Drivers/STM32F7xx_HAL_Driver/Inc -I../../../Drivers/BSP/STM32F7xx_Nucleo_144 -I../../../Drivers/BSP/Components/Common -I../../../Middlewares/Third_Party/LwIP/src/include -I../../../Middlewares/Third_Party/LwIP/system -I../../../Middlewares/Third_Party/FreeRTOS/Source/portable/GCC/ARM_CM7/r0p1 -I../../../Middlewares/Third_Party/FreeRTOS/Source -I../../../Middlewares/Third_Party/FreeRTOS/Source/CMSIS_RTOS -I../../../Middlewares/Third_Party/FreeRTOS/Source/include -I../../../Drivers/CMSIS/Include -Os -ffunction-sections -Wall -fstack-usage -MMD -MP -MF"Drivers/STM32F7xx_HAL_Driver/stm32f7xx_hal_ltdc.d" -MT"Drivers/STM32F7xx_HAL_Driver/stm32f7xx_hal_ltdc.o" --specs=nano.specs -mfpu=fpv5-sp-d16 -mfloat-abi=hard -mthumb -o "Drivers/STM32F7xx_HAL_Driver/stm32f7xx_hal_ltdc.o"
arm-none-eabi-gcc "D:/ST Projects/STM32F746/Workspace/LwIP_HTTP_Server_Netconn_RTOS/Drivers/STM32F7xx_HAL_Driver/Src/stm32f7xx_hal_pwr.c" -mcpu=cortex-m7 -std=gnu11 -g3 -DUSE_HAL_DRIVER -DSTM32F746xx -DUSE_STM32F7XX_NUCLEO_144ADAFRUIT_TFT_JOY_SD_ID802 -c -I../../../Inc -I../../../Src -I../../../Drivers/CMSIS/Device/ST/STM32F7xx/Include -I../../../Drivers/STM32F7xx_HAL_Driver/Inc -I../../../Drivers/BSP/STM32F7xx_Nucleo_144 -I../../../Drivers/BSP/Components/Common -I../../../Middlewares/Third_Party/LwIP/src/include -I../../../Middlewares/Third_Party/LwIP/system -I../../../Middlewares/Third_Party/FreeRTOS/Source/portable/GCC/ARM_CM7/r0p1 -I../../../Middlewares/Third_Party/FreeRTOS/Source -I../../../Middlewares/Third_Party/FreeRTOS/Source/CMSIS_RTOS -I../../../Middlewares/Third_Party/FreeRTOS/Source/include -I../../../Drivers/CMSIS/Include -Os -ffunction-sections -Wall -fstack-usage -MMD -MP -MF"Drivers/STM32F7xx_HAL_Driver/stm32f7xx_hal_pwr.d" -MT"Drivers/STM32F7xx_HAL_Driver/stm32f7xx_hal_pwr.o" --specs=nano.specs -mfpu=fpv5-sp-d16 -mfloat-abi=hard -mthumb -o "Drivers/STM32F7xx_HAL_Driver/stm32f7xx_hal_pwr.o"
arm-none-eabi-gcc "D:/ST Projects/STM32F746/Workspace/LwIP_HTTP_Server_Netconn_RTOS/Drivers/STM32F7xx_HAL_Driver/Src/stm32f7xx_hal_pwr_ex.c" -mcpu=cortex-m7 -std=gnu11 -g3 -DUSE_HAL_DRIVER -DSTM32F746xx -DUSE_STM32F7XX_NUCLEO_144ADAFRUIT_TFT_JOY_SD_ID802 -c -I../../../Inc -I../../../Src -I../../../Drivers/CMSIS/Device/ST/STM32F7xx/Include -I../../../Drivers/STM32F7xx_HAL_Driver/Inc -I../../../Drivers/BSP/STM32F7xx_Nucleo_144 -I../../../Drivers/BSP/Components/Common -I../../../Middlewares/Third_Party/LwIP/src/include -I../../../Middlewares/Third_Party/LwIP/system -I../../../Middlewares/Third_Party/FreeRTOS/Source/portable/GCC/ARM_CM7/r0p1 -I../../../Middlewares/Third_Party/FreeRTOS/Source -I../../../Middlewares/Third_Party/FreeRTOS/Source/CMSIS_RTOS -I../../../Middlewares/Third_Party/FreeRTOS/Source/include -I../../../Drivers/CMSIS/Include -Os -ffunction-sections -Wall -fstack-usage -MMD -MP -MF"Drivers/STM32F7xx_HAL_Driver/stm32f7xx_hal_pwr_ex.d" -MT"Drivers/STM32F7xx_HAL_Driver/stm32f7xx_hal_pwr_ex.o" --specs=nano.specs -mfpu=fpv5-sp-d16 -mfloat-abi=hard -mthumb -o "Drivers/STM32F7xx_HAL_Driver/stm32f7xx_hal_pwr_ex.o"
arm-none-eabi-gcc "D:/ST Projects/STM32F746/Workspace/LwIP_HTTP_Server_Netconn_RTOS/Drivers/STM32F7xx_HAL_Driver/Src/stm32f7xx_hal_rcc.c" -mcpu=cortex-m7 -std=gnu11 -g3 -DUSE_HAL_DRIVER -DSTM32F746xx -DUSE_STM32F7XX_NUCLEO_144ADAFRUIT_TFT_JOY_SD_ID802 -c -I../../../Inc -I../../../Src -I../../../Drivers/CMSIS/Device/ST/STM32F7xx/Include -I../../../Drivers/STM32F7xx_HAL_Driver/Inc -I../../../Drivers/BSP/STM32F7xx_Nucleo_144 -I../../../Drivers/BSP/Components/Common -I../../../Middlewares/Third_Party/LwIP/src/include -I../../../Middlewares/Third_Party/LwIP/system -I../../../Middlewares/Third_Party/FreeRTOS/Source/portable/GCC/ARM_CM7/r0p1 -I../../../Middlewares/Third_Party/FreeRTOS/Source -I../../../Middlewares/Third_Party/FreeRTOS/Source/CMSIS_RTOS -I../../../Middlewares/Third_Party/FreeRTOS/Source/include -I../../../Drivers/CMSIS/Include -Os -ffunction-sections -Wall -fstack-usage -MMD -MP -MF"Drivers/STM32F7xx_HAL_Driver/stm32f7xx_hal_rcc.d" -MT"Drivers/STM32F7xx_HAL_Driver/stm32f7xx_hal_rcc.o" --specs=nano.specs -mfpu=fpv5-sp-d16 -mfloat-abi=hard -mthumb -o "Drivers/STM32F7xx_HAL_Driver/stm32f7xx_hal_rcc.o"
arm-none-eabi-gcc "D:/ST Projects/STM32F746/Workspace/LwIP_HTTP_Server_Netconn_RTOS/Drivers/STM32F7xx_HAL_Driver/Src/stm32f7xx_hal_rcc_ex.c" -mcpu=cortex-m7 -std=gnu11 -g3 -DUSE_HAL_DRIVER -DSTM32F746xx -DUSE_STM32F7XX_NUCLEO_144ADAFRUIT_TFT_JOY_SD_ID802 -c -I../../../Inc -I../../../Src -I../../../Drivers/CMSIS/Device/ST/STM32F7xx/Include -I../../../Drivers/STM32F7xx_HAL_Driver/Inc -I../../../Drivers/BSP/STM32F7xx_Nucleo_144 -I../../../Drivers/BSP/Components/Common -I../../../Middlewares/Third_Party/LwIP/src/include -I../../../Middlewares/Third_Party/LwIP/system -I../../../Middlewares/Third_Party/FreeRTOS/Source/portable/GCC/ARM_CM7/r0p1 -I../../../Middlewares/Third_Party/FreeRTOS/Source -I../../../Middlewares/Third_Party/FreeRTOS/Source/CMSIS_RTOS -I../../../Middlewares/Third_Party/FreeRTOS/Source/include -I../../../Drivers/CMSIS/Include -Os -ffunction-sections -Wall -fstack-usage -MMD -MP -MF"Drivers/STM32F7xx_HAL_Driver/stm32f7xx_hal_rcc_ex.d" -MT"Drivers/STM32F7xx_HAL_Driver/stm32f7xx_hal_rcc_ex.o" --specs=nano.specs -mfpu=fpv5-sp-d16 -mfloat-abi=hard -mthumb -o "Drivers/STM32F7xx_HAL_Driver/stm32f7xx_hal_rcc_ex.o"
arm-none-eabi-gcc "D:/ST Projects/STM32F746/Workspace/LwIP_HTTP_Server_Netconn_RTOS/Drivers/STM32F7xx_HAL_Driver/Src/stm32f7xx_hal_sdram.c" -mcpu=cortex-m7 -std=gnu11 -g3 -DUSE_HAL_DRIVER -DSTM32F746xx -DUSE_STM32F7XX_NUCLEO_144ADAFRUIT_TFT_JOY_SD_ID802 -c -I../../../Inc -I../../../Src -I../../../Drivers/CMSIS/Device/ST/STM32F7xx/Include -I../../../Drivers/STM32F7xx_HAL_Driver/Inc -I../../../Drivers/BSP/STM32F7xx_Nucleo_144 -I../../../Drivers/BSP/Components/Common -I../../../Middlewares/Third_Party/LwIP/src/include -I../../../Middlewares/Third_Party/LwIP/system -I../../../Middlewares/Third_Party/FreeRTOS/Source/portable/GCC/ARM_CM7/r0p1 -I../../../Middlewares/Third_Party/FreeRTOS/Source -I../../../Middlewares/Third_Party/FreeRTOS/Source/CMSIS_RTOS -I../../../Middlewares/Third_Party/FreeRTOS/Source/include -I../../../Drivers/CMSIS/Include -Os -ffunction-sections -Wall -fstack-usage -MMD -MP -MF"Drivers/STM32F7xx_HAL_Driver/stm32f7xx_hal_sdram.d" -MT"Drivers/STM32F7xx_HAL_Driver/stm32f7xx_hal_sdram.o" --specs=nano.specs -mfpu=fpv5-sp-d16 -mfloat-abi=hard -mthumb -o "Drivers/STM32F7xx_HAL_Driver/stm32f7xx_hal_sdram.o"
arm-none-eabi-gcc "D:/ST Projects/STM32F746/Workspace/LwIP_HTTP_Server_Netconn_RTOS/Drivers/STM32F7xx_HAL_Driver/Src/stm32f7xx_hal_tim.c" -mcpu=cortex-m7 -std=gnu11 -g3 -DUSE_HAL_DRIVER -DSTM32F746xx -DUSE_STM32F7XX_NUCLEO_144ADAFRUIT_TFT_JOY_SD_ID802 -c -I../../../Inc -I../../../Src -I../../../Drivers/CMSIS/Device/ST/STM32F7xx/Include -I../../../Drivers/STM32F7xx_HAL_Driver/Inc -I../../../Drivers/BSP/STM32F7xx_Nucleo_144 -I../../../Drivers/BSP/Components/Common -I../../../Middlewares/Third_Party/LwIP/src/include -I../../../Middlewares/Third_Party/LwIP/system -I../../../Middlewares/Third_Party/FreeRTOS/Source/portable/GCC/ARM_CM7/r0p1 -I../../../Middlewares/Third_Party/FreeRTOS/Source -I../../../Middlewares/Third_Party/FreeRTOS/Source/CMSIS_RTOS -I../../../Middlewares/Third_Party/FreeRTOS/Source/include -I../../../Drivers/CMSIS/Include -Os -ffunction-sections -Wall -fstack-usage -MMD -MP -MF"Drivers/STM32F7xx_HAL_Driver/stm32f7xx_hal_tim.d" -MT"Drivers/STM32F7xx_HAL_Driver/stm32f7xx_hal_tim.o" --specs=nano.specs -mfpu=fpv5-sp-d16 -mfloat-abi=hard -mthumb -o "Drivers/STM32F7xx_HAL_Driver/stm32f7xx_hal_tim.o"
arm-none-eabi-gcc "D:/ST Projects/STM32F746/Workspace/LwIP_HTTP_Server_Netconn_RTOS/Drivers/STM32F7xx_HAL_Driver/Src/stm32f7xx_hal_tim_ex.c" -mcpu=cortex-m7 -std=gnu11 -g3 -DUSE_HAL_DRIVER -DSTM32F746xx -DUSE_STM32F7XX_NUCLEO_144ADAFRUIT_TFT_JOY_SD_ID802 -c -I../../../Inc -I../../../Src -I../../../Drivers/CMSIS/Device/ST/STM32F7xx/Include -I../../../Drivers/STM32F7xx_HAL_Driver/Inc -I../../../Drivers/BSP/STM32F7xx_Nucleo_144 -I../../../Drivers/BSP/Components/Common -I../../../Middlewares/Third_Party/LwIP/src/include -I../../../Middlewares/Third_Party/LwIP/system -I../../../Middlewares/Third_Party/FreeRTOS/Source/portable/GCC/ARM_CM7/r0p1 -I../../../Middlewares/Third_Party/FreeRTOS/Source -I../../../Middlewares/Third_Party/FreeRTOS/Source/CMSIS_RTOS -I../../../Middlewares/Third_Party/FreeRTOS/Source/include -I../../../Drivers/CMSIS/Include -Os -ffunction-sections -Wall -fstack-usage -MMD -MP -MF"Drivers/STM32F7xx_HAL_Driver/stm32f7xx_hal_tim_ex.d" -MT"Drivers/STM32F7xx_HAL_Driver/stm32f7xx_hal_tim_ex.o" --specs=nano.specs -mfpu=fpv5-sp-d16 -mfloat-abi=hard -mthumb -o "Drivers/STM32F7xx_HAL_Driver/stm32f7xx_hal_tim_ex.o"
arm-none-eabi-gcc "D:/ST Projects/STM32F746/Workspace/LwIP_HTTP_Server_Netconn_RTOS/Drivers/STM32F7xx_HAL_Driver/Src/stm32f7xx_hal_uart.c" -mcpu=cortex-m7 -std=gnu11 -g3 -DUSE_HAL_DRIVER -DSTM32F746xx -DUSE_STM32F7XX_NUCLEO_144ADAFRUIT_TFT_JOY_SD_ID802 -c -I../../../Inc -I../../../Src -I../../../Drivers/CMSIS/Device/ST/STM32F7xx/Include -I../../../Drivers/STM32F7xx_HAL_Driver/Inc -I../../../Drivers/BSP/STM32F7xx_Nucleo_144 -I../../../Drivers/BSP/Components/Common -I../../../Middlewares/Third_Party/LwIP/src/include -I../../../Middlewares/Third_Party/LwIP/system -I../../../Middlewares/Third_Party/FreeRTOS/Source/portable/GCC/ARM_CM7/r0p1 -I../../../Middlewares/Third_Party/FreeRTOS/Source -I../../../Middlewares/Third_Party/FreeRTOS/Source/CMSIS_RTOS -I../../../Middlewares/Third_Party/FreeRTOS/Source/include -I../../../Drivers/CMSIS/Include -Os -ffunction-sections -Wall -fstack-usage -MMD -MP -MF"Drivers/STM32F7xx_HAL_Driver/stm32f7xx_hal_uart.d" -MT"Drivers/STM32F7xx_HAL_Driver/stm32f7xx_hal_uart.o" --specs=nano.specs -mfpu=fpv5-sp-d16 -mfloat-abi=hard -mthumb -o "Drivers/STM32F7xx_HAL_Driver/stm32f7xx_hal_uart.o"
arm-none-eabi-gcc "D:/ST Projects/STM32F746/Workspace/LwIP_HTTP_Server_Netconn_RTOS/Drivers/STM32F7xx_HAL_Driver/Src/stm32f7xx_ll_fmc.c" -mcpu=cortex-m7 -std=gnu11 -g3 -DUSE_HAL_DRIVER -DSTM32F746xx -DUSE_STM32F7XX_NUCLEO_144ADAFRUIT_TFT_JOY_SD_ID802 -c -I../../../Inc -I../../../Src -I../../../Drivers/CMSIS/Device/ST/STM32F7xx/Include -I../../../Drivers/STM32F7xx_HAL_Driver/Inc -I../../../Drivers/BSP/STM32F7xx_Nucleo_144 -I../../../Drivers/BSP/Components/Common -I../../../Middlewares/Third_Party/LwIP/src/include -I../../../Middlewares/Third_Party/LwIP/system -I../../../Middlewares/Third_Party/FreeRTOS/Source/portable/GCC/ARM_CM7/r0p1 -I../../../Middlewares/Third_Party/FreeRTOS/Source -I../../../Middlewares/Third_Party/FreeRTOS/Source/CMSIS_RTOS -I../../../Middlewares/Third_Party/FreeRTOS/Source/include -I../../../Drivers/CMSIS/Include -Os -ffunction-sections -Wall -fstack-usage -MMD -MP -MF"Drivers/STM32F7xx_HAL_Driver/stm32f7xx_ll_fmc.d" -MT"Drivers/STM32F7xx_HAL_Driver/stm32f7xx_ll_fmc.o" --specs=nano.specs -mfpu=fpv5-sp-d16 -mfloat-abi=hard -mthumb -o "Drivers/STM32F7xx_HAL_Driver/stm32f7xx_ll_fmc.o"
arm-none-eabi-gcc "D:/ST Projects/STM32F746/Workspace/LwIP_HTTP_Server_Netconn_RTOS/Src/system_stm32f7xx.c" -mcpu=cortex-m7 -std=gnu11 -g3 -DUSE_HAL_DRIVER -DSTM32F746xx -DUSE_STM32F7XX_NUCLEO_144ADAFRUIT_TFT_JOY_SD_ID802 -c -I../../../Inc -I../../../Src -I../../../Drivers/CMSIS/Device/ST/STM32F7xx/Include -I../../../Drivers/STM32F7xx_HAL_Driver/Inc -I../../../Drivers/BSP/STM32F7xx_Nucleo_144 -I../../../Drivers/BSP/Components/Common -I../../../Middlewares/Third_Party/LwIP/src/include -I../../../Middlewares/Third_Party/LwIP/system -I../../../Middlewares/Third_Party/FreeRTOS/Source/portable/GCC/ARM_CM7/r0p1 -I../../../Middlewares/Third_Party/FreeRTOS/Source -I../../../Middlewares/Third_Party/FreeRTOS/Source/CMSIS_RTOS -I../../../Middlewares/Third_Party/FreeRTOS/Source/include -I../../../Drivers/CMSIS/Include -Os -ffunction-sections -Wall -fstack-usage -MMD -MP -MF"Drivers/CMSIS/system_stm32f7xx.d" -MT"Drivers/CMSIS/system_stm32f7xx.o" --specs=nano.specs -mfpu=fpv5-sp-d16 -mfloat-abi=hard -mthumb -o "Drivers/CMSIS/system_stm32f7xx.o"
arm-none-eabi-gcc "D:/ST Projects/STM32F746/Workspace/LwIP_HTTP_Server_Netconn_RTOS/Drivers/BSP/STM32F7xx_Nucleo_144/stm32f7xx_nucleo_144.c" -mcpu=cortex-m7 -std=gnu11 -g3 -DUSE_HAL_DRIVER -DSTM32F746xx -DUSE_STM32F7XX_NUCLEO_144ADAFRUIT_TFT_JOY_SD_ID802 -c -I../../../Inc -I../../../Src -I../../../Drivers/CMSIS/Device/ST/STM32F7xx/Include -I../../../Drivers/STM32F7xx_HAL_Driver/Inc -I../../../Drivers/BSP/STM32F7xx_Nucleo_144 -I../../../Drivers/BSP/Components/Common -I../../../Middlewares/Third_Party/LwIP/src/include -I../../../Middlewares/Third_Party/LwIP/system -I../../../Middlewares/Third_Party/FreeRTOS/Source/portable/GCC/ARM_CM7/r0p1 -I../../../Middlewares/Third_Party/FreeRTOS/Source -I../../../Middlewares/Third_Party/FreeRTOS/Source/CMSIS_RTOS -I../../../Middlewares/Third_Party/FreeRTOS/Source/include -I../../../Drivers/CMSIS/Include -Os -ffunction-sections -Wall -fstack-usage -MMD -MP -MF"Drivers/BSP/STM32F7xx_Nucleo_144/stm32f7xx_nucleo_144.d" -MT"Drivers/BSP/STM32F7xx_Nucleo_144/stm32f7xx_nucleo_144.o" --specs=nano.specs -mfpu=fpv5-sp-d16 -mfloat-abi=hard -mthumb -o "Drivers/BSP/STM32F7xx_Nucleo_144/stm32f7xx_nucleo_144.o"
arm-none-eabi-gcc "D:/ST Projects/STM32F746/Workspace/LwIP_HTTP_Server_Netconn_RTOS/Drivers/BSP/Components/lan8742/lan8742.c" -mcpu=cortex-m7 -std=gnu11 -g3 -DUSE_HAL_DRIVER -DSTM32F746xx -DUSE_STM32F7XX_NUCLEO_144ADAFRUIT_TFT_JOY_SD_ID802 -c -I../../../Inc -I../../../Src -I../../../Drivers/CMSIS/Device/ST/STM32F7xx/Include -I../../../Drivers/STM32F7xx_HAL_Driver/Inc -I../../../Drivers/BSP/STM32F7xx_Nucleo_144 -I../../../Drivers/BSP/Components/Common -I../../../Middlewares/Third_Party/LwIP/src/include -I../../../Middlewares/Third_Party/LwIP/system -I../../../Middlewares/Third_Party/FreeRTOS/Source/portable/GCC/ARM_CM7/r0p1 -I../../../Middlewares/Third_Party/FreeRTOS/Source -I../../../Middlewares/Third_Party/FreeRTOS/Source/CMSIS_RTOS -I../../../Middlewares/Third_Party/FreeRTOS/Source/include -I../../../Drivers/CMSIS/Include -Os -ffunction-sections -Wall -fstack-usage -MMD -MP -MF"Drivers/BSP/Components/lan8742.d" -MT"Drivers/BSP/Components/lan8742.o" --specs=nano.specs -mfpu=fpv5-sp-d16 -mfloat-abi=hard -mthumb -o "Drivers/BSP/Components/lan8742.o"
arm-none-eabi-gcc "D:/ST Projects/STM32F746/Workspace/LwIP_HTTP_Server_Netconn_RTOS/Src/app_ethernet.c" -mcpu=cortex-m7 -std=gnu11 -g3 -DUSE_HAL_DRIVER -DSTM32F746xx -DUSE_STM32F7XX_NUCLEO_144ADAFRUIT_TFT_JOY_SD_ID802 -c -I../../../Inc -I../../../Src -I../../../Drivers/CMSIS/Device/ST/STM32F7xx/Include -I../../../Drivers/STM32F7xx_HAL_Driver/Inc -I../../../Drivers/BSP/STM32F7xx_Nucleo_144 -I../../../Drivers/BSP/Components/Common -I../../../Middlewares/Third_Party/LwIP/src/include -I../../../Middlewares/Third_Party/LwIP/system -I../../../Middlewares/Third_Party/FreeRTOS/Source/portable/GCC/ARM_CM7/r0p1 -I../../../Middlewares/Third_Party/FreeRTOS/Source -I../../../Middlewares/Third_Party/FreeRTOS/Source/CMSIS_RTOS -I../../../Middlewares/Third_Party/FreeRTOS/Source/include -I../../../Drivers/CMSIS/Include -Os -ffunction-sections -Wall -fstack-usage -MMD -MP -MF"Application/User/app_ethernet.d" -MT"Application/User/app_ethernet.o" --specs=nano.specs -mfpu=fpv5-sp-d16 -mfloat-abi=hard -mthumb -o "Application/User/app_ethernet.o"
arm-none-eabi-gcc "D:/ST Projects/STM32F746/Workspace/LwIP_HTTP_Server_Netconn_RTOS/Src/ethernetif.c" -mcpu=cortex-m7 -std=gnu11 -g3 -DUSE_HAL_DRIVER -DSTM32F746xx -DUSE_STM32F7XX_NUCLEO_144ADAFRUIT_TFT_JOY_SD_ID802 -c -I../../../Inc -I../../../Src -I../../../Drivers/CMSIS/Device/ST/STM32F7xx/Include -I../../../Drivers/STM32F7xx_HAL_Driver/Inc -I../../../Drivers/BSP/STM32F7xx_Nucleo_144 -I../../../Drivers/BSP/Components/Common -I../../../Middlewares/Third_Party/LwIP/src/include -I../../../Middlewares/Third_Party/LwIP/system -I../../../Middlewares/Third_Party/FreeRTOS/Source/portable/GCC/ARM_CM7/r0p1 -I../../../Middlewares/Third_Party/FreeRTOS/Source -I../../../Middlewares/Third_Party/FreeRTOS/Source/CMSIS_RTOS -I../../../Middlewares/Third_Party/FreeRTOS/Source/include -I../../../Drivers/CMSIS/Include -Os -ffunction-sections -Wall -fstack-usage -MMD -MP -MF"Application/User/ethernetif.d" -MT"Application/User/ethernetif.o" --specs=nano.specs -mfpu=fpv5-sp-d16 -mfloat-abi=hard -mthumb -o "Application/User/ethernetif.o"
arm-none-eabi-gcc "D:/ST Projects/STM32F746/Workspace/LwIP_HTTP_Server_Netconn_RTOS/Src/httpserver-netconn.c" -mcpu=cortex-m7 -std=gnu11 -g3 -DUSE_HAL_DRIVER -DSTM32F746xx -DUSE_STM32F7XX_NUCLEO_144ADAFRUIT_TFT_JOY_SD_ID802 -c -I../../../Inc -I../../../Src -I../../../Drivers/CMSIS/Device/ST/STM32F7xx/Include -I../../../Drivers/STM32F7xx_HAL_Driver/Inc -I../../../Drivers/BSP/STM32F7xx_Nucleo_144 -I../../../Drivers/BSP/Components/Common -I../../../Middlewares/Third_Party/LwIP/src/include -I../../../Middlewares/Third_Party/LwIP/system -I../../../Middlewares/Third_Party/FreeRTOS/Source/portable/GCC/ARM_CM7/r0p1 -I../../../Middlewares/Third_Party/FreeRTOS/Source -I../../../Middlewares/Third_Party/FreeRTOS/Source/CMSIS_RTOS -I../../../Middlewares/Third_Party/FreeRTOS/Source/include -I../../../Drivers/CMSIS/Include -Os -ffunction-sections -Wall -fstack-usage -MMD -MP -MF"Application/User/httpserver-netconn.d" -MT"Application/User/httpserver-netconn.o" --specs=nano.specs -mfpu=fpv5-sp-d16 -mfloat-abi=hard -mthumb -o "Application/User/httpserver-netconn.o"
arm-none-eabi-gcc "D:/ST Projects/STM32F746/Workspace/LwIP_HTTP_Server_Netconn_RTOS/Src/main.c" -mcpu=cortex-m7 -std=gnu11 -g3 -DUSE_HAL_DRIVER -DSTM32F746xx -DUSE_STM32F7XX_NUCLEO_144ADAFRUIT_TFT_JOY_SD_ID802 -c -I../../../Inc -I../../../Src -I../../../Drivers/CMSIS/Device/ST/STM32F7xx/Include -I../../../Drivers/STM32F7xx_HAL_Driver/Inc -I../../../Drivers/BSP/STM32F7xx_Nucleo_144 -I../../../Drivers/BSP/Components/Common -I../../../Middlewares/Third_Party/LwIP/src/include -I../../../Middlewares/Third_Party/LwIP/system -I../../../Middlewares/Third_Party/FreeRTOS/Source/portable/GCC/ARM_CM7/r0p1 -I../../../Middlewares/Third_Party/FreeRTOS/Source -I../../../Middlewares/Third_Party/FreeRTOS/Source/CMSIS_RTOS -I../../../Middlewares/Third_Party/FreeRTOS/Source/include -I../../../Drivers/CMSIS/Include -Os -ffunction-sections -Wall -fstack-usage -MMD -MP -MF"Application/User/main.d" -MT"Application/User/main.o" --specs=nano.specs -mfpu=fpv5-sp-d16 -mfloat-abi=hard -mthumb -o "Application/User/main.o"
arm-none-eabi-gcc "D:/ST Projects/STM32F746/Workspace/LwIP_HTTP_Server_Netconn_RTOS/Src/stm32f7xx_hal_timebase_tim.c" -mcpu=cortex-m7 -std=gnu11 -g3 -DUSE_HAL_DRIVER -DSTM32F746xx -DUSE_STM32F7XX_NUCLEO_144ADAFRUIT_TFT_JOY_SD_ID802 -c -I../../../Inc -I../../../Src -I../../../Drivers/CMSIS/Device/ST/STM32F7xx/Include -I../../../Drivers/STM32F7xx_HAL_Driver/Inc -I../../../Drivers/BSP/STM32F7xx_Nucleo_144 -I../../../Drivers/BSP/Components/Common -I../../../Middlewares/Third_Party/LwIP/src/include -I../../../Middlewares/Third_Party/LwIP/system -I../../../Middlewares/Third_Party/FreeRTOS/Source/portable/GCC/ARM_CM7/r0p1 -I../../../Middlewares/Third_Party/FreeRTOS/Source -I../../../Middlewares/Third_Party/FreeRTOS/Source/CMSIS_RTOS -I../../../Middlewares/Third_Party/FreeRTOS/Source/include -I../../../Drivers/CMSIS/Include -Os -ffunction-sections -Wall -fstack-usage -MMD -MP -MF"Application/User/stm32f7xx_hal_timebase_tim.d" -MT"Application/User/stm32f7xx_hal_timebase_tim.o" --specs=nano.specs -mfpu=fpv5-sp-d16 -mfloat-abi=hard -mthumb -o "Application/User/stm32f7xx_hal_timebase_tim.o"
arm-none-eabi-gcc "D:/ST Projects/STM32F746/Workspace/LwIP_HTTP_Server_Netconn_RTOS/Src/stm32f7xx_it.c" -mcpu=cortex-m7 -std=gnu11 -g3 -DUSE_HAL_DRIVER -DSTM32F746xx -DUSE_STM32F7XX_NUCLEO_144ADAFRUIT_TFT_JOY_SD_ID802 -c -I../../../Inc -I../../../Src -I../../../Drivers/CMSIS/Device/ST/STM32F7xx/Include -I../../../Drivers/STM32F7xx_HAL_Driver/Inc -I../../../Drivers/BSP/STM32F7xx_Nucleo_144 -I../../../Drivers/BSP/Components/Common -I../../../Middlewares/Third_Party/LwIP/src/include -I../../../Middlewares/Third_Party/LwIP/system -I../../../Middlewares/Third_Party/FreeRTOS/Source/portable/GCC/ARM_CM7/r0p1 -I../../../Middlewares/Third_Party/FreeRTOS/Source -I../../../Middlewares/Third_Party/FreeRTOS/Source/CMSIS_RTOS -I../../../Middlewares/Third_Party/FreeRTOS/Source/include -I../../../Drivers/CMSIS/Include -Os -ffunction-sections -Wall -fstack-usage -MMD -MP -MF"Application/User/stm32f7xx_it.d" -MT"Application/User/stm32f7xx_it.o" --specs=nano.specs -mfpu=fpv5-sp-d16 -mfloat-abi=hard -mthumb -o "Application/User/stm32f7xx_it.o"
arm-none-eabi-gcc -mcpu=cortex-m7 -g3 -c -x assembler-with-cpp -MMD -MP -MF"Application/SW4STM32/startup_stm32f746xx.d" -MT"Application/SW4STM32/startup_stm32f746xx.o" --specs=nano.specs -mfpu=fpv5-sp-d16 -mfloat-abi=hard -mthumb -o "Application/SW4STM32/startup_stm32f746xx.o" "D:/ST Projects/STM32F746/Workspace/LwIP_HTTP_Server_Netconn_RTOS/SW4STM32/startup_stm32f746xx.s"
arm-none-eabi-gcc "D:/ST Projects/STM32F746/Workspace/LwIP_HTTP_Server_Netconn_RTOS/SW4STM32/syscalls.c" -mcpu=cortex-m7 -std=gnu11 -g3 -DUSE_HAL_DRIVER -DSTM32F746xx -DUSE_STM32F7XX_NUCLEO_144ADAFRUIT_TFT_JOY_SD_ID802 -c -I../../../Inc -I../../../Src -I../../../Drivers/CMSIS/Device/ST/STM32F7xx/Include -I../../../Drivers/STM32F7xx_HAL_Driver/Inc -I../../../Drivers/BSP/STM32F7xx_Nucleo_144 -I../../../Drivers/BSP/Components/Common -I../../../Middlewares/Third_Party/LwIP/src/include -I../../../Middlewares/Third_Party/LwIP/system -I../../../Middlewares/Third_Party/FreeRTOS/Source/portable/GCC/ARM_CM7/r0p1 -I../../../Middlewares/Third_Party/FreeRTOS/Source -I../../../Middlewares/Third_Party/FreeRTOS/Source/CMSIS_RTOS -I../../../Middlewares/Third_Party/FreeRTOS/Source/include -I../../../Drivers/CMSIS/Include -Os -ffunction-sections -Wall -fstack-usage -MMD -MP -MF"Application/SW4STM32/syscalls.d" -MT"Application/SW4STM32/syscalls.o" --specs=nano.specs -mfpu=fpv5-sp-d16 -mfloat-abi=hard -mthumb -o "Application/SW4STM32/syscalls.o"
arm-none-eabi-gcc -o "STM32746G_Nucleo.elf" @"objects.list"   -mcpu=cortex-m7 -T"../STM32F746ZGTx_FLASH.ld" --specs=nosys.specs -Wl,-Map="STM32746G_Nucleo.map" -Wl,--gc-sections -static --specs=nano.specs -mfpu=fpv5-sp-d16 -mfloat-abi=hard -mthumb -Wl,--start-group -lc -lm -Wl,--end-group
Finished building target: STM32746G_Nucleo.elf
 
arm-none-eabi-size   STM32746G_Nucleo.elf 
   text	   data	    bss	    dec	    hex	filename
 112156	    332	  59972	 172460	  2a1ac	STM32746G_Nucleo.elf
Finished building: default.size.stdout
 
arm-none-eabi-objdump -h -S  STM32746G_Nucleo.elf  > "STM32746G_Nucleo.list"
Finished building: STM32746G_Nucleo.list
 
arm-none-eabi-objcopy  -O binary  STM32746G_Nucleo.elf  "STM32746G_Nucleo.bin"
Finished building: STM32746G_Nucleo.bin
 

01:09:18 Build Finished. 0 errors, 0 warnings. (took 23s.518ms)

