../LWIP/Target/ethernetif.c:86:6:HAL_ETH_MspInit	64	static
../LWIP/Target/ethernetif.c:146:6:HAL_ETH_MspDeInit	16	static
../LWIP/Target/ethernetif.c:195:13:low_level_init	32	static
../LWIP/Target/ethernetif.c:304:14:low_level_output	48	static
../LWIP/Target/ethernetif.c:388:22:low_level_input	56	static
../LWIP/Target/ethernetif.c:477:6:ethernetif_input	24	static
../LWIP/Target/ethernetif.c:532:7:ethernetif_init	16	static
../LWIP/Target/ethernetif.c:579:7:sys_jiffies	8	static
../LWIP/Target/ethernetif.c:590:7:sys_now	8	static
../LWIP/Target/ethernetif.c:606:6:ethernetif_set_link	24	static
../LWIP/Target/ethernetif.c:644:6:ethernetif_update_config	24	static
../LWIP/Target/ethernetif.c:732:13:ethernetif_notify_conn_changed	16	static
